Component: ARM Compiler 5.06 update 7 (build 960) Tool: armlink [4d3601]

==============================================================================

Section Cross References

    digital_music_box.o(i.DrawDots) refers to bsp.o(i.BSP_LCD_FillScreen) for BSP_LCD_FillScreen
    digital_music_box.o(i.DrawDots) refers to rand.o(.emb_text) for rand
    digital_music_box.o(i.DrawDots) refers to bsp.o(i.BSP_LCD_Color565) for BSP_LCD_Color565
    digital_music_box.o(i.DrawDots) refers to bsp.o(i.BSP_LCD_DrawPixel) for BSP_LCD_DrawPixel
    digital_music_box.o(i.DrawDots) refers to digital_music_box.o(.data) for startStream
    digital_music_box.o(i.DrawFade) refers to digital_music_box.o(i.Wheel) for Wheel
    digital_music_box.o(i.DrawFade) refers to bsp.o(i.BSP_LCD_FillScreen) for BSP_LCD_FillScreen
    digital_music_box.o(i.DrawFade) refers to digital_music_box.o(.data) for phase
    digital_music_box.o(i.DrawRain) refers to bsp.o(i.BSP_LCD_FillScreen) for BSP_LCD_FillScreen
    digital_music_box.o(i.DrawRain) refers to bsp.o(i.BSP_LCD_FillRect) for BSP_LCD_FillRect
    digital_music_box.o(i.DrawRain) refers to digital_music_box.o(.data) for startStream
    digital_music_box.o(i.DrawRain) refers to digital_music_box.o(.bss) for rainY
    digital_music_box.o(i.DrawRain) refers to digital_music_box.o(.constdata) for rainX
    digital_music_box.o(i.Task1) refers to bsp.o(i.BSP_Button1_Input) for BSP_Button1_Input
    digital_music_box.o(i.Task1) refers to bsp.o(i.BSP_Buzzer_Set) for BSP_Buzzer_Set
    digital_music_box.o(i.Task1) refers to settings.o(i.SaveSettingsToFlash) for SaveSettingsToFlash
    digital_music_box.o(i.Task1) refers to bsp.o(i.BSP_Button2_Input) for BSP_Button2_Input
    digital_music_box.o(i.Task1) refers to bsp.o(i.BSP_Delay1ms) for BSP_Delay1ms
    digital_music_box.o(i.Task1) refers to digital_music_box.o(.data) for prev1
    digital_music_box.o(i.Task1_Init) refers to bsp.o(i.BSP_Button1_Init) for BSP_Button1_Init
    digital_music_box.o(i.Task1_Init) refers to bsp.o(i.BSP_Button2_Init) for BSP_Button2_Init
    digital_music_box.o(i.Task1_Init) refers to bsp.o(i.BSP_RGB_D_Init) for BSP_RGB_D_Init
    digital_music_box.o(i.Task1_Init) refers to settings.o(i.LoadSettingsFromFlash) for LoadSettingsFromFlash
    digital_music_box.o(i.Task1_Init) refers to digital_music_box.o(.data) for visualOption
    digital_music_box.o(i.Task2) refers to bsp.o(i.BSP_Joystick_Input) for BSP_Joystick_Input
    digital_music_box.o(i.Task2) refers to digital_music_box.o(.data) for select
    digital_music_box.o(i.Task2_Init) refers to bsp.o(i.BSP_Joystick_Init) for BSP_Joystick_Init
    digital_music_box.o(i.Task3) refers to bsp.o(i.BSP_LCD_FillScreen) for BSP_LCD_FillScreen
    digital_music_box.o(i.Task3) refers to bsp.o(i.BSP_LCD_DrawChar) for BSP_LCD_DrawChar
    digital_music_box.o(i.Task3) refers to bsp.o(i.BSP_LCD_DrawString) for BSP_LCD_DrawString
    digital_music_box.o(i.Task3) refers to bsp.o(i.BSP_LCD_SetCursor) for BSP_LCD_SetCursor
    digital_music_box.o(i.Task3) refers to digital_music_box.o(.bss) for songList
    digital_music_box.o(i.Task3) refers to digital_music_box.o(.data) for screenType
    digital_music_box.o(i.Task3) refers to bsp.o(i.BSP_LCD_OutUDec) for BSP_LCD_OutUDec
    digital_music_box.o(i.Task3) refers to bsp.o(i.BSP_LCD_FillRect) for BSP_LCD_FillRect
    digital_music_box.o(i.Task3) refers to bsp.o(i.BSP_LCD_Color565) for BSP_LCD_Color565
    digital_music_box.o(i.Task3) refers to digital_music_box.o(i.DrawDots) for DrawDots
    digital_music_box.o(i.Task3) refers to digital_music_box.o(i.DrawRain) for DrawRain
    digital_music_box.o(i.Task3) refers to digital_music_box.o(i.DrawFade) for DrawFade
    digital_music_box.o(i.Task3_Init) refers to bsp.o(i.BSP_LCD_Init) for BSP_LCD_Init
    digital_music_box.o(i.Task3_Init) refers to bsp.o(i.BSP_LCD_FillScreen) for BSP_LCD_FillScreen
    digital_music_box.o(i.Task4) refers to os.o(i.OS_Wait) for OS_Wait
    digital_music_box.o(i.Task4) refers to bsp.o(i.BSP_Buzzer_Set) for BSP_Buzzer_Set
    digital_music_box.o(i.Task4) refers to bsp.o(i.BSP_Delay1ms) for BSP_Delay1ms
    digital_music_box.o(i.Task4) refers to bsp.o(i.BSP_Buzzer_Pitch) for BSP_Buzzer_Pitch
    digital_music_box.o(i.Task4) refers to bsp.o(i.BSP_LCD_FillScreen) for BSP_LCD_FillScreen
    digital_music_box.o(i.Task4) refers to digital_music_box.o(.data) for Beat
    digital_music_box.o(i.Task4) refers to digital_music_box.o(.bss) for songList
    digital_music_box.o(i.Task4_Init) refers to bsp.o(i.BSP_Buzzer_Init) for BSP_Buzzer_Init
    digital_music_box.o(i.Task5) refers to settings.o(i.SaveSettingsToFlash) for SaveSettingsToFlash
    digital_music_box.o(i.Task5) refers to os.o(i.OS_Wait) for OS_Wait
    digital_music_box.o(i.Task5) refers to digital_music_box.o(.data) for Adjust
    digital_music_box.o(i.Task5) refers to digital_music_box.o(.bss) for songList
[...]
    rtexit.o(.ARM.Collect$$rtexit$$00000000) refers (Special) to rtexit2.o(.ARM.Collect$$rtexit$$00000003) for __rt_exit_ls
    rtexit.o(.ARM.Collect$$rtexit$$00000000) refers (Special) to rtexit2.o(.ARM.Collect$$rtexit$$00000002) for __rt_exit_prels_1
    rtexit.o(.ARM.exidx) refers (Special) to rtexit2.o(.ARM.Collect$$rtexit$$00000004) for __rt_exit_exit
    rtexit.o(.ARM.exidx) refers (Special) to rtexit2.o(.ARM.Collect$$rtexit$$00000003) for __rt_exit_ls
    rtexit.o(.ARM.exidx) refers (Special) to rtexit2.o(.ARM.Collect$$rtexit$$00000002) for __rt_exit_prels_1
    rtexit.o(.ARM.exidx) refers to rtexit.o(.ARM.Collect$$rtexit$$00000000) for .ARM.Collect$$rtexit$$00000000
    defsig_rtmem_outer.o(.text) refers to defsig_rtmem_inner.o(.text) for __rt_SIGRTMEM_inner
    defsig_rtmem_outer.o(.text) refers to defsig_exit.o(.text) for __sig_exit
    defsig_rtmem_formal.o(.text) refers to rt_raise.o(.text) for __rt_raise
    rtexit2.o(.ARM.Collect$$rtexit$$00000003) refers to libshutdown.o(.ARM.Collect$$libshutdown$$00000000) for __rt_lib_shutdown
    rtexit2.o(.ARM.Collect$$rtexit$$00000004) refers to sys_exit.o(.text) for _sys_exit
    rtexit2.o(.ARM.exidx) refers to rtexit2.o(.ARM.Collect$$rtexit$$00000001) for .ARM.Collect$$rtexit$$00000001
    rtexit2.o(.ARM.exidx) refers to rtexit2.o(.ARM.Collect$$rtexit$$00000003) for .ARM.Collect$$rtexit$$00000003
    rtexit2.o(.ARM.exidx) refers to rtexit2.o(.ARM.Collect$$rtexit$$00000004) for .ARM.Collect$$rtexit$$00000004
    rt_raise.o(.text) refers to __raise.o(.text) for __raise
    rt_raise.o(.text) refers to sys_exit.o(.text) for _sys_exit
    defsig_exit.o(.text) refers to sys_exit.o(.text) for _sys_exit
    defsig_rtmem_inner.o(.text) refers to defsig_general.o(.text) for __default_signal_display
    sys_exit.o(.text) refers (Special) to use_no_semi.o(.text) for __I$use$semihosting
    sys_exit.o(.text) refers (Special) to indicate_semi.o(.text) for __semihosting_library_function
    __raise.o(.text) refers to defsig.o(CL$$defsig) for __default_signal_handler
    defsig_general.o(.text) refers to sys_wrch.o(.text) for _ttywrch
    libshutdown.o(.ARM.Collect$$libshutdown$$00000000) refers (Special) to libshutdown2.o(.ARM.Collect$$libshutdown$$00000004) for __rt_lib_shutdown_cpp_1
    libshutdown.o(.ARM.Collect$$libshutdown$$00000000) refers (Special) to libshutdown2.o(.ARM.Collect$$libshutdown$$00000002) for __rt_lib_shutdown_fini_1
    libshutdown.o(.ARM.Collect$$libshutdown$$00000000) refers (Special) to libshutdown2.o(.ARM.Collect$$libshutdown$$00000009) for __rt_lib_shutdown_fp_trap_1
    libshutdown.o(.ARM.Collect$$libshutdown$$00000000) refers (Special) to libshutdown2.o(.ARM.Collect$$libshutdown$$00000011) for __rt_lib_shutdown_heap_1
    libshutdown.o(.ARM.Collect$$libshutdown$$00000000) refers (Special) to libshutdown2.o(.ARM.Collect$$libshutdown$$00000012) for __rt_lib_shutdown_return
    libshutdown.o(.ARM.Collect$$libshutdown$$00000000) refers (Special) to libshutdown2.o(.ARM.Collect$$libshutdown$$0000000C) for __rt_lib_shutdown_signal_1
    libshutdown.o(.ARM.Collect$$libshutdown$$00000000) refers (Special) to libshutdown2.o(.ARM.Collect$$libshutdown$$00000006) for __rt_lib_shutdown_stdio_1
    libshutdown.o(.ARM.Collect$$libshutdown$$00000000) refers (Special) to libshutdown2.o(.ARM.Collect$$libshutdown$$0000000E) for __rt_lib_shutdown_user_alloc_1
    sys_wrch.o(.text) refers (Special) to use_no_semi.o(.text) for __I$use$semihosting
    sys_wrch.o(.text) refers (Special) to indicate_semi.o(.text) for __semihosting_library_function
    defsig.o(CL$$defsig) refers to defsig_rtmem_inner.o(.text) for __rt_SIGRTMEM_inner
    defsig_abrt_inner.o(.text) refers to defsig_general.o(.text) for __default_signal_display
    defsig_fpe_inner.o(.text) refers to defsig_general.o(.text) for __default_signal_display
    defsig_rtred_inner.o(.text) refers to defsig_general.o(.text) for __default_signal_display
    defsig_stak_inner.o(.text) refers to defsig_general.o(.text) for __default_signal_display
    defsig_pvfn_inner.o(.text) refers to defsig_general.o(.text) for __default_signal_display
    defsig_cppl_inner.o(.text) refers to defsig_general.o(.text) for __default_signal_display
    defsig_segv_inner.o(.text) refers to defsig_general.o(.text) for __default_signal_display
    defsig_other.o(.text) refers to defsig_general.o(.text) for __default_signal_display


==============================================================================

Removing Unused input sections from the image.

    Removing digital_music_box.o(i.Task99), (2 bytes).
    Removing os.o(i.OS_AddPeriodicEventThreads), (36 bytes).
    Removing os.o(i.OS_FIFO_Get), (56 bytes).
    Removing os.o(i.OS_FIFO_Init), (44 bytes).
    Removing os.o(i.OS_FIFO_Put), (84 bytes).
    Removing os.o(i.OS_Sleep), (20 bytes).
    Removing bsp.o(i.BSP_Accelerometer_Init), (164 bytes).
    Removing bsp.o(i.BSP_Accelerometer_Input), (60 bytes).
    Removing bsp.o(i.BSP_Buzzer_Get), (24 bytes).
    Removing bsp.o(i.BSP_LCD_DrawBitmap), (288 bytes).
    Removing bsp.o(i.BSP_LCD_DrawCharS), (248 bytes).
    Removing bsp.o(i.BSP_LCD_DrawFastHLine), (124 bytes).
    Removing bsp.o(i.BSP_LCD_DrawFastVLine), (124 bytes).
    Removing bsp.o(i.BSP_LCD_Drawaxes), (292 bytes).
    Removing bsp.o(i.BSP_LCD_OutUDec4), (140 bytes).
    Removing bsp.o(i.BSP_LCD_OutUDec5), (140 bytes).
    Removing bsp.o(i.BSP_LCD_OutUFix2_1), (116 bytes).
    Removing bsp.o(i.BSP_LCD_OutUHex2), (116 bytes).
    Removing bsp.o(i.BSP_LCD_PlotIncrement), (56 bytes).
    Removing bsp.o(i.BSP_LCD_PlotPoint), (100 bytes).
    Removing bsp.o(i.BSP_LCD_SwapColor), (18 bytes).
    Removing bsp.o(i.BSP_LightSensor_End), (68 bytes).
    Removing bsp.o(i.BSP_LightSensor_Init), (84 bytes).
    Removing bsp.o(i.BSP_LightSensor_Input), (52 bytes).
    Removing bsp.o(i.BSP_LightSensor_Start), (28 bytes).
    Removing bsp.o(i.BSP_Microphone_Init), (164 bytes).
    Removing bsp.o(i.BSP_Microphone_Input), (44 bytes).
    Removing bsp.o(i.BSP_PeriodicTask_InitB), (176 bytes).
    Removing bsp.o(i.BSP_PeriodicTask_Restart), (24 bytes).
    Removing bsp.o(i.BSP_PeriodicTask_Stop), (24 bytes).
    Removing bsp.o(i.BSP_PeriodicTask_StopB), (24 bytes).
    Removing bsp.o(i.BSP_PeriodicTask_StopC), (24 bytes).
    Removing bsp.o(i.BSP_RGB_D_Toggle), (60 bytes).
    Removing bsp.o(i.BSP_RGB_Init), (528 bytes).
    Removing bsp.o(i.BSP_RGB_Set), (80 bytes).
    Removing bsp.o(i.BSP_TempSensor_End), (76 bytes).
    Removing bsp.o(i.BSP_TempSensor_Init), (84 bytes).
    Removing bsp.o(i.BSP_TempSensor_Input), (60 bytes).
    Removing bsp.o(i.BSP_TempSensor_Start), (28 bytes).
    Removing bsp.o(i.BSP_Time_Get), (16 bytes).
    Removing bsp.o(i.BSP_Time_Init), (92 bytes).
    Removing bsp.o(i.I2C_Recv2), (112 bytes).
    Removing bsp.o(i.I2C_Send1), (72 bytes).
    Removing bsp.o(i.I2C_Send3), (176 bytes).
    Removing bsp.o(i.fillmessage2_1), (96 bytes).
    Removing bsp.o(i.fillmessage2_Hex), (84 bytes).
    Removing bsp.o(i.fillmessage4), (100 bytes).
    Removing bsp.o(i.fillmessage5), (128 bytes).
    Removing bsp.o(i.i2cinit), (152 bytes).
    Removing bsp.o(i.lightsensorend), (80 bytes).
    Removing bsp.o(i.lightsensorstart), (36 bytes).
    Removing bsp.o(i.tempsensorend), (68 bytes).
    Removing bsp.o(i.tempsensorstart), (18 bytes).
    Removing profile.o(i.Profile_Get), (76 bytes).
    Removing flashprogram.o(i.Flash_FastWrite), (136 bytes).
    Removing flashprogram.o(i.Flash_Init), (2 bytes).
    Removing flashprogram.o(i.Flash_WriteArray), (46 bytes).
    Removing flashprogram.o(i.MassWriteAddrValid), (22 bytes).
    Removing system_tm4c123.o(.rev16_text), (4 bytes).
    Removing system_tm4c123.o(.revsh_text), (4 bytes).
    Removing system_tm4c123.o(.rrx_text), (6 bytes).
    Removing system_tm4c123.o(i.SystemCoreClockUpdate), (196 bytes).
    Removing system_tm4c123.o(i.SystemInit), (136 bytes).
    Removing system_tm4c123.o(i.getOscClk), (248 bytes).
    Removing system_tm4c123.o(.data), (4 bytes).

65 unused section(s) (total 5990 bytes) removed from the image.

==============================================================================

Image Symbol Table

    Local Symbols

    Symbol Name                              Value     Ov Type        Size  Object(Section)

    RESET                                    0x00000000   Section      620  startup_tm4c123.o(RESET)
    ../clib/angel/boardlib.s                 0x00000000   Number         0  boardinit1.o ABSOLUTE
    ../clib/angel/boardlib.s                 0x00000000   Number         0  boardshut.o ABSOLUTE
    ../clib/angel/boardlib.s                 0x00000000   Number         0  boardinit3.o ABSOLUTE
    ../clib/angel/boardlib.s                 0x00000000   Number         0  boardinit2.o ABSOLUTE
    ../clib/angel/dczerorl2.s                0x00000000   Number         0  __dczerorl2.o ABSOLUTE
    ../clib/angel/handlers.s                 0x00000000   Number         0  __scatter_zi.o ABSOLUTE
    ../clib/angel/kernel.s                   0x00000000   Number         0  rtexit2.o ABSOLUTE
    ../clib/angel/kernel.s                   0x00000000   Number         0  __rtentry.o ABSOLUTE
    ../clib/angel/kernel.s                   0x00000000   Number         0  __rtentry4.o ABSOLUTE
    ../clib/angel/kernel.s                   0x00000000   Number         0  __rtentry2.o ABSOLUTE
    ../clib/angel/kernel.s                   0x00000000   Number         0  rtexit.o ABSOLUTE
    ../clib/angel/rt.s                       0x00000000   Number         0  rt_raise.o ABSOLUTE
    ../clib/angel/scatter.s                  0x00000000   Number         0  __scatter.o ABSOLUTE
    ../clib/angel/startup.s                  0x00000000   Number         0  __main.o ABSOLUTE
    ../clib/angel/sys.s                      0x00000000   Number         0  indicate_semi.o ABSOLUTE
    ../clib/angel/sys.s                      0x00000000   Number         0  use_no_semi.o ABSOLUTE
    ../clib/angel/sys.s                      0x00000000   Number         0  libspace.o ABSOLUTE
    ../clib/angel/sys.s                      0x00000000   Number         0  sys_stackheap_outer.o ABSOLUTE
    ../clib/angel/sysapp.c                   0x00000000   Number         0  sys_wrch.o ABSOLUTE
    ../clib/angel/sysapp.c                   0x00000000   Number         0  sys_exit.o ABSOLUTE
    ../clib/angel/sysapp.c                   0x00000000   Number         0  sys_command.o ABSOLUTE
    ../clib/armsys.c                         0x00000000   Number         0  _get_argv_nomalloc.o ABSOLUTE
    ../clib/armsys.c                         0x00000000   Number         0  argv_veneer.o ABSOLUTE
    ../clib/armsys.c                         0x00000000   Number         0  argv_veneer.o ABSOLUTE
    ../clib/armsys.c                         0x00000000   Number         0  no_argv.o ABSOLUTE
    ../clib/heapalloc.c                      0x00000000   Number         0  hrguard.o ABSOLUTE
    ../clib/heapaux.c                        0x00000000   Number         0  heapauxi.o ABSOLUTE
    ../clib/libinit.s                        0x00000000   Number         0  libshutdown2.o ABSOLUTE
    ../clib/libinit.s                        0x00000000   Number         0  libshutdown.o ABSOLUTE
    ../clib/libinit.s                        0x00000000   Number         0  libinit2.o ABSOLUTE
    ../clib/libinit.s                        0x00000000   Number         0  libinit.o ABSOLUTE
    ../clib/memcpset.s                       0x00000000   Number         0  rt_memclr_w.o ABSOLUTE
    ../clib/memcpset.s                       0x00000000   Number         0  rt_memcpy_w.o ABSOLUTE
    ../clib/signal.c                         0x00000000   Number         0  defsig_pvfn_inner.o ABSOLUTE
    ../clib/signal.c                         0x00000000   Number         0  defsig_stak_inner.o ABSOLUTE
    ../clib/signal.c                         0x00000000   Number         0  defsig_rtmem_formal.o ABSOLUTE
    ../clib/signal.c                         0x00000000   Number         0  defsig_rtred_inner.o ABSOLUTE
    ../clib/signal.c                         0x00000000   Number         0  defsig_fpe_inner.o ABSOLUTE
    ../clib/signal.c                         0x00000000   Number         0  defsig_abrt_inner.o ABSOLUTE
    ../clib/signal.c                         0x00000000   Number         0  defsig_cppl_inner.o ABSOLUTE
    ../clib/signal.c                         0x00000000   Number         0  defsig_general.o ABSOLUTE
    ../clib/signal.c                         0x00000000   Number         0  __raise.o ABSOLUTE
    ../clib/signal.c                         0x00000000   Number         0  defsig_exit.o ABSOLUTE
    ../clib/signal.c                         0x00000000   Number         0  defsig_rtmem_outer.o ABSOLUTE
    ../clib/signal.c                         0x00000000   Number         0  defsig_rtmem_inner.o ABSOLUTE
    ../clib/signal.c                         0x00000000   Number         0  defsig_other.o ABSOLUTE
    ../clib/signal.c                         0x00000000   Number         0  defsig_segv_inner.o ABSOLUTE
    ../clib/signal.s                         0x00000000   Number         0  defsig.o ABSOLUTE
    ../clib/stdlib.c                         0x00000000   Number         0  rand.o ABSOLUTE
    ../clib/stdlib.c                         0x00000000   Number         0  rand.o ABSOLUTE
    ../clib/stdlib.c                         0x00000000   Number         0  exit.o ABSOLUTE
    ../fplib/fpinit.s                        0x00000000   Number         0  fpinit.o ABSOLUTE
    ..\FlashProgram\FlashProgram.c           0x00000000   Number         0  flashprogram.o ABSOLUTE
    ..\\inc\\BSP.c                           0x00000000   Number         0  bsp.o ABSOLUTE
    ..\inc\BSP.c                             0x00000000   Number         0  bsp.o ABSOLUTE
    ..\inc\Profile.c                         0x00000000   Number         0  profile.o ABSOLUTE
    RTE/Device/TM4C123GH6PM/startup_TM4C123.s 0x00000000   Number         0  startup_tm4c123.o ABSOLUTE
    RTE/Device/TM4C123GH6PM/system_TM4C123.c 0x00000000   Number         0  system_tm4c123.o ABSOLUTE
    RTE\Device\TM4C123GH6PM\system_TM4C123.c 0x00000000   Number         0  system_tm4c123.o ABSOLUTE
    dc.s                                     0x00000000   Number         0  dc.o ABSOLUTE
    digital_music_box.c                      0x00000000   Number         0  digital_music_box.o ABSOLUTE
    os.c                                     0x00000000   Number         0  os.o ABSOLUTE
    osasm.s                                  0x00000000   Number         0  osasm.o ABSOLUTE
    settings.c                               0x00000000   Number         0  settings.o ABSOLUTE
    !!!main                                  0x0000026c   Section        8  __main.o(!!!main)
    !!!scatter                               0x00000274   Section       52  __scatter.o(!!!scatter)
    !!dczerorl2                              0x000002a8   Section       90  __dczerorl2.o(!!dczerorl2)
    !!handler_zi                             0x00000304   Section       28  __scatter_zi.o(!!handler_zi)
    .ARM.Collect$$libinit$$00000000          0x00000320   Section        2  libinit.o(.ARM.Collect$$libinit$$00000000)
    .ARM.Collect$$libinit$$00000002          0x00000322   Section        0  libinit2.o(.ARM.Collect$$libinit$$00000002)
    .ARM.Collect$$libinit$$00000004          0x00000322   Section        0  libinit2.o(.ARM.Collect$$libinit$$00000004)
    .ARM.Collect$$libinit$$0000000A          0x00000322   Section        0  libinit2.o(.ARM.Collect$$libinit$$0000000A)
    .ARM.Collect$$libinit$$0000000C          0x00000322   Section        0  libinit2.o(.ARM.Collect$$libinit$$0000000C)
    .ARM.Collect$$libinit$$0000000D          0x00000322   Section        4  libinit2.o(.ARM.Collect$$libinit$$0000000D)
    .ARM.Collect$$libinit$$0000000E          0x00000326   Section        0  libinit2.o(.ARM.Collect$$libinit$$0000000E)
    .ARM.Collect$$libinit$$00000011          0x00000326   Section        0  libinit2.o(.ARM.Collect$$libinit$$00000011)
    .ARM.Collect$$libinit$$00000013          0x00000326   Section        0  libinit2.o(.ARM.Collect$$libinit$$00000013)
    .ARM.Collect$$libinit$$00000015          0x00000326   Section        0  libinit2.o(.ARM.Collect$$libinit$$00000015)
    .ARM.Collect$$libinit$$00000017          0x00000326   Section        0  libinit2.o(.ARM.Collect$$libinit$$00000017)
    .ARM.Collect$$libinit$$00000019          0x00000326   Section        0  libinit2.o(.ARM.Collect$$libinit$$00000019)
    .ARM.Collect$$libinit$$0000001B          0x00000326   Section        0  libinit2.o(.ARM.Collect$$libinit$$0000001B)
    .ARM.Collect$$libinit$$0000001D          0x00000326   Section        0  libinit2.o(.ARM.Collect$$libinit$$0000001D)
    .ARM.Collect$$libinit$$0000001F          0x00000326   Section        0  libinit2.o(.ARM.Collect$$libinit$$0000001F)
    .ARM.Collect$$libinit$$00000021          0x00000326   Section        0  libinit2.o(.ARM.Collect$$libinit$$00000021)
    .ARM.Collect$$libinit$$00000023          0x00000326   Section        0  libinit2.o(.ARM.Collect$$libinit$$00000023)
    .ARM.Collect$$libinit$$00000025          0x00000326   Section        0  libinit2.o(.ARM.Collect$$libinit$$00000025)
    .ARM.Collect$$libinit$$0000002C          0x00000326   Section        0  libinit2.o(.ARM.Collect$$libinit$$0000002C)
    .ARM.Collect$$libinit$$0000002E          0x00000326   Section        0  libinit2.o(.ARM.Collect$$libinit$$0000002E)
    .ARM.Collect$$libinit$$00000030          0x00000326   Section        0  libinit2.o(.ARM.Collect$$libinit$$00000030)
    .ARM.Collect$$libinit$$00000032          0x00000326   Section        0  libinit2.o(.ARM.Collect$$libinit$$00000032)
    .ARM.Collect$$libinit$$00000033          0x00000326   Section        2  libinit2.o(.ARM.Collect$$libinit$$00000033)
    .ARM.Collect$$libshutdown$$00000000      0x00000328   Section        2  libshutdown.o(.ARM.Collect$$libshutdown$$00000000)
    .ARM.Collect$$libshutdown$$00000002      0x0000032a   Section        0  libshutdown2.o(.ARM.Collect$$libshutdown$$00000002)
    .ARM.Collect$$libshutdown$$00000004      0x0000032a   Section        0  libshutdown2.o(.ARM.Collect$$libshutdown$$00000004)
    .ARM.Collect$$libshutdown$$00000006      0x0000032a   Section        0  libshutdown2.o(.ARM.Collect$$libshutdown$$00000006)
    .ARM.Collect$$libshutdown$$00000009      0x0000032a   Section        0  libshutdown2.o(.ARM.Collect$$libshutdown$$00000009)
    .ARM.Collect$$libshutdown$$0000000C      0x0000032a   Section        0  libshutdown2.o(.ARM.Collect$$libshutdown$$0000000C)
    .ARM.Collect$$libshutdown$$0000000E      0x0000032a   Section        0  libshutdown2.o(.ARM.Collect$$libshutdown$$0000000E)
    .ARM.Collect$$libshutdown$$00000011      0x0000032a   Section        0  libshutdown2.o(.ARM.Collect$$libshutdown$$00000011)
    .ARM.Collect$$libshutdown$$00000012      0x0000032a   Section        2  libshutdown2.o(.ARM.Collect$$libshutdown$$00000012)
    .ARM.Collect$$rtentry$$00000000          0x0000032c   Section        0  __rtentry.o(.ARM.Collect$$rtentry$$00000000)
    .ARM.Collect$$rtentry$$00000002          0x0000032c   Section        0  __rtentry2.o(.ARM.Collect$$rtentry$$00000002)
    .ARM.Collect$$rtentry$$00000004          0x0000032c   Section        6  __rtentry4.o(.ARM.Collect$$rtentry$$00000004)
    .ARM.Collect$$rtentry$$00000009          0x00000332   Section        0  __rtentry2.o(.ARM.Collect$$rtentry$$00000009)
    .ARM.Collect$$rtentry$$0000000A          0x00000332   Section        4  __rtentry2.o(.ARM.Collect$$rtentry$$0000000A)
    .ARM.Collect$$rtentry$$0000000C          0x00000336   Section        0  __rtentry2.o(.ARM.Collect$$rtentry$$0000000C)
    .ARM.Collect$$rtentry$$0000000D          0x00000336   Section        8  __rtentry2.o(.ARM.Collect$$rtentry$$0000000D)
    .ARM.Collect$$rtexit$$00000000           0x0000033e   Section        2  rtexit.o(.ARM.Collect$$rtexit$$00000000)
    .ARM.Collect$$rtexit$$00000002           0x00000340   Section        0  rtexit2.o(.ARM.Collect$$rtexit$$00000002)
    .ARM.Collect$$rtexit$$00000003           0x00000340   Section        4  rtexit2.o(.ARM.Collect$$rtexit$$00000003)
    .ARM.Collect$$rtexit$$00000004           0x00000344   Section        6  rtexit2.o(.ARM.Collect$$rtexit$$00000004)
    .emb_text                                0x0000034c   Section        6  bsp.o(.emb_text)
    .emb_text                                0x00000354   Section       52  rand.o(.emb_text)
    .text                                    0x00000388   Section       76  osasm.o(.text)
    .text                                    0x000003d4   Section      292  startup_tm4c123.o(.text)
    .text                                    0x000004f8   Section        0  rand.o(.text)
    .text                                    0x00000534   Section      100  rt_memcpy_w.o(.text)
    .text                                    0x00000598   Section       78  rt_memclr_w.o(.text)
    .text                                    0x000005e6   Section        0  heapauxi.o(.text)
    .text                                    0x000005ec   Section       74  sys_stackheap_outer.o(.text)
    .text                                    0x00000636   Section        0  exit.o(.text)
    .text                                    0x00000648   Section        8  libspace.o(.text)
    .text                                    0x00000650   Section        2  use_no_semi.o(.text)
    .text                                    0x00000652   Section        0  indicate_semi.o(.text)
    .text                                    0x00000654   Section        0  sys_exit.o(.text)
    i.BSP_Button1_Init                       0x00000660   Section        0  bsp.o(i.BSP_Button1_Init)
    i.BSP_Button1_Input                      0x000006e0   Section        0  bsp.o(i.BSP_Button1_Input)
    i.BSP_Button2_Init                       0x000006ec   Section        0  bsp.o(i.BSP_Button2_Init)
    i.BSP_Button2_Input                      0x0000077c   Section        0  bsp.o(i.BSP_Button2_Input)
    i.BSP_Buzzer_Init                        0x00000788   Section        0  bsp.o(i.BSP_Buzzer_Init)
    i.BSP_Buzzer_Pitch                       0x0000085c   Section        0  bsp.o(i.BSP_Buzzer_Pitch)
    i.BSP_Buzzer_Set                         0x000008a0   Section        0  bsp.o(i.BSP_Buzzer_Set)
    i.BSP_Clock_GetFreq                      0x000008c0   Section        0  bsp.o(i.BSP_Clock_GetFreq)
    i.BSP_Clock_InitFastest                  0x000008cc   Section        0  bsp.o(i.BSP_Clock_InitFastest)
    i.BSP_Delay1ms                           0x00000948   Section        0  bsp.o(i.BSP_Delay1ms)
    i.BSP_Joystick_Init                      0x00000960   Section        0  bsp.o(i.BSP_Joystick_Init)
    i.BSP_Joystick_Input                     0x00000a90   Section        0  bsp.o(i.BSP_Joystick_Input)
    i.BSP_LCD_Color565                       0x00000ad0   Section        0  bsp.o(i.BSP_LCD_Color565)
    i.BSP_LCD_DrawChar                       0x00000ae8   Section        0  bsp.o(i.BSP_LCD_DrawChar)
    i.BSP_LCD_DrawPixel                      0x00000bf8   Section        0  bsp.o(i.BSP_LCD_DrawPixel)
    i.BSP_LCD_DrawString                     0x00000c40   Section        0  bsp.o(i.BSP_LCD_DrawString)
    i.BSP_LCD_FillRect                       0x00000c98   Section        0  bsp.o(i.BSP_LCD_FillRect)
    i.BSP_LCD_FillScreen                     0x00000d44   Section        0  bsp.o(i.BSP_LCD_FillScreen)
    i.BSP_LCD_Init                           0x00000d68   Section        0  bsp.o(i.BSP_LCD_Init)
    i.BSP_LCD_OutUDec                        0x00000d74   Section        0  bsp.o(i.BSP_LCD_OutUDec)
    i.BSP_LCD_SetCursor                      0x00000e08   Section        0  bsp.o(i.BSP_LCD_SetCursor)
    i.BSP_PeriodicTask_Init                  0x00000e28   Section        0  bsp.o(i.BSP_PeriodicTask_Init)
    i.BSP_PeriodicTask_InitC                 0x00000ed8   Section        0  bsp.o(i.BSP_PeriodicTask_InitC)
    i.BSP_RGB_D_Init                         0x00000f88   Section        0  bsp.o(i.BSP_RGB_D_Init)
    i.BSP_RGB_D_Set                          0x000010e0   Section        0  bsp.o(i.BSP_RGB_D_Set)
    i.DrawDots                               0x00001120   Section        0  digital_music_box.o(i.DrawDots)
    DrawDots                                 0x00001121   Thumb Code   186  digital_music_box.o(i.DrawDots)
    i.DrawFade                               0x000011e4   Section        0  digital_music_box.o(i.DrawFade)
    DrawFade                                 0x000011e5   Thumb Code    30  digital_music_box.o(i.DrawFade)
    i.DrawRain                               0x00001208   Section        0  digital_music_box.o(i.DrawRain)
    DrawRain                                 0x00001209   Thumb Code   164  digital_music_box.o(i.DrawRain)
    i.EraseAddrValid                         0x000012bc   Section        0  flashprogram.o(i.EraseAddrValid)
    EraseAddrValid                           0x000012bd   Thumb Code    22  flashprogram.o(i.EraseAddrValid)
    i.Flash_Erase                            0x000012d4   Section        0  flashprogram.o(i.Flash_Erase)
    i.Flash_Write                            0x00001338   Section        0  flashprogram.o(i.Flash_Write)
    i.LoadSettingsFromFlash                  0x000013a0   Section        0  settings.o(i.LoadSettingsFromFlash)
    i.OS_AddThreads                          0x00001410   Section        0  os.o(i.OS_AddThreads)
    i.OS_Init                                0x000014e0   Section        0  os.o(i.OS_Init)
    i.OS_InitSemaphore                       0x00001540   Section        0  os.o(i.OS_InitSemaphore)
    i.OS_Launch                              0x00001544   Section        0  os.o(i.OS_Launch)
    i.OS_PeriodTrigger0_Init                 0x00001578   Section        0  os.o(i.OS_PeriodTrigger0_Init)
    i.OS_PeriodTrigger1_Init                 0x000015a0   Section        0  os.o(i.OS_PeriodTrigger1_Init)
    i.OS_Signal                              0x000015c8   Section        0  os.o(i.OS_Signal)
    i.OS_Suspend                             0x000015fc   Section        0  os.o(i.OS_Suspend)
    i.OS_Wait                                0x00001614   Section        0  os.o(i.OS_Wait)
    i.Profile_Init                           0x00001640   Section        0  profile.o(i.Profile_Init)
    i.RealTimeEvents                         0x000017f0   Section        0  os.o(i.RealTimeEvents)
    i.ST7735_InitR                           0x0000185c   Section        0  bsp.o(i.ST7735_InitR)
    ST7735_InitR                             0x0000185d   Thumb Code    86  bsp.o(i.ST7735_InitR)
    i.SaveSettingsToFlash                    0x000018d0   Section        0  settings.o(i.SaveSettingsToFlash)
    i.Scheduler                              0x00001914   Section        0  os.o(i.Scheduler)
    i.SetInitialStack                        0x00001944   Section        0  os.o(i.SetInitialStack)
    i.Task1                                  0x00001a94   Section        0  digital_music_box.o(i.Task1)
    i.Task1_Init                             0x00001cbc   Section        0  digital_music_box.o(i.Task1_Init)
    i.Task2                                  0x00001cf0   Section        0  digital_music_box.o(i.Task2)
    i.Task2_Init                             0x00001d0c   Section        0  digital_music_box.o(i.Task2_Init)
    i.Task3                                  0x00001d14   Section        0  digital_music_box.o(i.Task3)
    i.Task3_Init                             0x000028c4   Section        0  digital_music_box.o(i.Task3_Init)
    i.Task4                                  0x000028d4   Section        0  digital_music_box.o(i.Task4)
    i.Task4_Init                             0x00002b6c   Section        0  digital_music_box.o(i.Task4_Init)
    i.Task5                                  0x00002b78   Section        0  digital_music_box.o(i.Task5)
    i.Wheel                                  0x00002d68   Section        0  digital_music_box.o(i.Wheel)
    Wheel                                    0x00002d69   Thumb Code    88  digital_music_box.o(i.Wheel)
    i.WideTimer3A_Handler                    0x00002dc0   Section        0  bsp.o(i.WideTimer3A_Handler)
    i.WideTimer4A_Handler                    0x00002dd8   Section        0  bsp.o(i.WideTimer4A_Handler)
    i.WideTimer5A_Handler                    0x00002df0   Section        0  bsp.o(i.WideTimer5A_Handler)
    i.WriteAddrValid                         0x00002e08   Section        0  flashprogram.o(i.WriteAddrValid)
    WriteAddrValid                           0x00002e09   Thumb Code    22  flashprogram.o(i.WriteAddrValid)
    i.adcinit                                0x00002e20   Section        0  bsp.o(i.adcinit)
    adcinit                                  0x00002e21   Thumb Code    52  bsp.o(i.adcinit)
    i.commandList                            0x00002e60   Section        0  bsp.o(i.commandList)
    commandList                              0x00002e61   Thumb Code    86  bsp.o(i.commandList)
    i.commonInit                             0x00002eb8   Section        0  bsp.o(i.commonInit)
    commonInit                               0x00002eb9   Thumb Code   434  bsp.o(i.commonInit)
    i.fillmessage                            0x000030a8   Section        0  bsp.o(i.fillmessage)
    fillmessage                              0x000030a9   Thumb Code    64  bsp.o(i.fillmessage)
    i.happyInit                              0x000030f0   Section        0  digital_music_box.o(i.happyInit)
    i.homeInit                               0x000031f8   Section        0  digital_music_box.o(i.homeInit)
    i.main                                   0x00003308   Section        0  digital_music_box.o(i.main)
    i.oldInit                                0x000033a0   Section        0  digital_music_box.o(i.oldInit)
    i.pushColor                              0x000034ac   Section        0  bsp.o(i.pushColor)
    pushColor                                0x000034ad   Thumb Code    18  bsp.o(i.pushColor)
    i.runperiodicevents                      0x000034c0   Section        0  os.o(i.runperiodicevents)
    runperiodicevents                        0x000034c1   Thumb Code    50  os.o(i.runperiodicevents)
    i.saintsInit                             0x000034f8   Section        0  digital_music_box.o(i.saintsInit)
    i.setAddrWindow                          0x00003604   Section        0  bsp.o(i.setAddrWindow)
    setAddrWindow                            0x00003605   Thumb Code   106  bsp.o(i.setAddrWindow)
    i.songListInit                           0x00003678   Section        0  digital_music_box.o(i.songListInit)
    i.twinkleInit                            0x00003690   Section        0  digital_music_box.o(i.twinkleInit)
    i.writecommand                           0x000037a4   Section        0  bsp.o(i.writecommand)
    writecommand                             0x000037a5   Thumb Code    62  bsp.o(i.writecommand)
    i.writedata                              0x000037ec   Section        0  bsp.o(i.writedata)
    writedata                                0x000037ed   Thumb Code    64  bsp.o(i.writedata)
    .constdata                               0x00003834   Section     2052  digital_music_box.o(.constdata)
    rainX                                    0x00003834   Data          64  digital_music_box.o(.constdata)
    .constdata                               0x00004038   Section     1403  bsp.o(.constdata)
    Font                                     0x00004038   Data        1275  bsp.o(.constdata)
    Rcmd1                                    0x00004533   Data          59  bsp.o(.constdata)
    Rcmd2green                               0x0000456e   Data          13  bsp.o(.constdata)
    Rcmd2red                                 0x0000457b   Data          13  bsp.o(.constdata)
    Rcmd3                                    0x00004588   Data          43  bsp.o(.constdata)
    .conststring                             0x000045b4   Section      716  digital_music_box.o(.conststring)
    .data                                    0x20000000   Section      470  digital_music_box.o(.data)
    frequencies                              0x20000000   Data          52  digital_music_box.o(.data)
    pitchNames                               0x20000034   Data         288  digital_music_box.o(.data)
    phase                                    0x200001d0   Data           4  digital_music_box.o(.data)
    prev1                                    0x200001d4   Data           1  digital_music_box.o(.data)
    prev2                                    0x200001d5   Data           1  digital_music_box.o(.data)
    .data                                    0x200001d8   Section       40  os.o(.data)
    realCount                                0x200001fc   Data           4  os.o(.data)
    .data                                    0x20000200   Section       68  bsp.o(.data)
    ClockFrequency                           0x20000200   Data           4  bsp.o(.data)
    PWMCycles                                0x20000204   Data           2  bsp.o(.data)
    ColStart                                 0x20000212   Data           1  bsp.o(.data)
    RowStart                                 0x20000213   Data           1  bsp.o(.data)
    _width                                   0x20000214   Data           2  bsp.o(.data)
    _height                                  0x20000216   Data           2  bsp.o(.data)
    .bss                                     0x20000244   Section     8316  digital_music_box.o(.bss)
    rainY                                    0x20002280   Data          64  digital_music_box.o(.bss)
    .bss                                     0x200022c0   Section     2164  os.o(.bss)
    .bss                                     0x20002b34   Section       12  bsp.o(.bss)
    .bss                                     0x20002b40   Section      228  rand.o(.bss)
    .bss                                     0x20002c24   Section       96  libspace.o(.bss)
    HEAP                                     0x20002c88   Section        0  startup_tm4c123.o(HEAP)
    STACK                                    0x20002c88   Section      512  startup_tm4c123.o(STACK)
    Heap_Mem                                 0x20002c88   Data           0  startup_tm4c123.o(HEAP)
    Stack_Mem                                0x20002c88   Data         512  startup_tm4c123.o(STACK)
    __initial_sp                             0x20002e88   Data           0  startup_tm4c123.o(STACK)

    Global Symbols

    Symbol Name                              Value     Ov Type        Size  Object(Section)

    BuildAttributes$$THM_ISAv4$E$P$D$K$B$S$7EM$PE$A:L22UL41UL21$X:L11$S22US41US21$IEEE1$IW$USESV6$~STKCKD$USESV7$~SHL$OSPACE$ROPI$EBA8$UX$STANDARDLIB$REQ8$PRES8$EABIv2 0x00000000   Number         0  anon$$obj.o ABSOLUTE
    __ARM_use_no_argv                        0x00000000   Number         0  digital_music_box.o ABSOLUTE
    __Vectors                                0x00000000   Data           4  startup_tm4c123.o(RESET)
    __ARM_exceptions_init                     - Undefined Weak Reference
    __alloca_initialize                       - Undefined Weak Reference
    __arm_fini_                               - Undefined Weak Reference
    __arm_preinit_                            - Undefined Weak Reference
    __cpp_initialize__aeabi_                  - Undefined Weak Reference
    __cxa_finalize                            - Undefined Weak Reference
    __rt_locale                               - Undefined Weak Reference
    __sigvec_lookup                           - Undefined Weak Reference
    _atexit_init                              - Undefined Weak Reference
    _call_atexit_fns                          - Undefined Weak Reference
    _clock_init                               - Undefined Weak Reference
    _fp_trap_init                             - Undefined Weak Reference
    _fp_trap_shutdown                         - Undefined Weak Reference
    _get_lc_collate                           - Undefined Weak Reference
    _get_lc_ctype                             - Undefined Weak Reference
    _get_lc_monetary                          - Undefined Weak Reference
    _get_lc_numeric                           - Undefined Weak Reference
    _get_lc_time                              - Undefined Weak Reference
    _getenv_init                              - Undefined Weak Reference
    _handle_redirection                       - Undefined Weak Reference
    _init_alloc                               - Undefined Weak Reference
    _init_user_alloc                          - Undefined Weak Reference
    _initio                                   - Undefined Weak Reference
    _signal_finish                            - Undefined Weak Reference
    _signal_init                              - Undefined Weak Reference
    _terminate_alloc                          - Undefined Weak Reference
    _terminate_user_alloc                     - Undefined Weak Reference
    _terminateio                              - Undefined Weak Reference
    __Vectors_End                            0x0000026c   Data           0  startup_tm4c123.o(RESET)
    __Vectors_Size                           0x0000026c   Number         0  startup_tm4c123.o ABSOLUTE
    __main                                   0x0000026d   Thumb Code     8  __main.o(!!!main)
    __scatterload                            0x00000275   Thumb Code     0  __scatter.o(!!!scatter)
    __scatterload_rt2                        0x00000275   Thumb Code    44  __scatter.o(!!!scatter)
    __scatterload_rt2_thumb_only             0x00000275   Thumb Code     0  __scatter.o(!!!scatter)
    __scatterload_null                       0x00000283   Thumb Code     0  __scatter.o(!!!scatter)
    __decompress                             0x000002a9   Thumb Code    90  __dczerorl2.o(!!dczerorl2)
    __decompress1                            0x000002a9   Thumb Code     0  __dczerorl2.o(!!dczerorl2)
    __scatterload_zeroinit                   0x00000305   Thumb Code    28  __scatter_zi.o(!!handler_zi)
    __rt_lib_init                            0x00000321   Thumb Code     0  libinit.o(.ARM.Collect$$libinit$$00000000)
    __rt_lib_init_fp_1                       0x00000323   Thumb Code     0  libinit2.o(.ARM.Collect$$libinit$$00000002)
    __rt_lib_init_heap_1                     0x00000323   Thumb Code     0  libinit2.o(.ARM.Collect$$libinit$$0000000A)
    __rt_lib_init_preinit_1                  0x00000323   Thumb Code     0  libinit2.o(.ARM.Collect$$libinit$$00000004)
    __rt_lib_init_rand_2                     0x00000323   Thumb Code     0  libinit2.o(.ARM.Collect$$libinit$$0000000D)
    __rt_lib_init_user_alloc_1               0x00000323   Thumb Code     0  libinit2.o(.ARM.Collect$$libinit$$0000000C)
    __rt_lib_init_alloca_1                   0x00000327   Thumb Code     0  libinit2.o(.ARM.Collect$$libinit$$0000002E)
    __rt_lib_init_argv_1                     0x00000327   Thumb Code     0  libinit2.o(.ARM.Collect$$libinit$$0000002C)
    __rt_lib_init_atexit_1                   0x00000327   Thumb Code     0  libinit2.o(.ARM.Collect$$libinit$$0000001B)
    __rt_lib_init_clock_1                    0x00000327   Thumb Code     0  libinit2.o(.ARM.Collect$$libinit$$00000021)
    __rt_lib_init_cpp_1                      0x00000327   Thumb Code     0  libinit2.o(.ARM.Collect$$libinit$$00000032)
    __rt_lib_init_exceptions_1               0x00000327   Thumb Code     0  libinit2.o(.ARM.Collect$$libinit$$00000030)
    __rt_lib_init_fp_trap_1                  0x00000327   Thumb Code     0  libinit2.o(.ARM.Collect$$libinit$$0000001F)
    __rt_lib_init_getenv_1                   0x00000327   Thumb Code     0  libinit2.o(.ARM.Collect$$libinit$$00000023)
    __rt_lib_init_lc_collate_1               0x00000327   Thumb Code     0  libinit2.o(.ARM.Collect$$libinit$$00000011)
    __rt_lib_init_lc_ctype_1                 0x00000327   Thumb Code     0  libinit2.o(.ARM.Collect$$libinit$$00000013)
    __rt_lib_init_lc_monetary_1              0x00000327   Thumb Code     0  libinit2.o(.ARM.Collect$$libinit$$00000015)
    __rt_lib_init_lc_numeric_1               0x00000327   Thumb Code     0  libinit2.o(.ARM.Collect$$libinit$$00000017)
    __rt_lib_init_lc_time_1                  0x00000327   Thumb Code     0  libinit2.o(.ARM.Collect$$libinit$$00000019)
    __rt_lib_init_rand_1                     0x00000327   Thumb Code     0  libinit2.o(.ARM.Collect$$libinit$$0000000E)
    __rt_lib_init_return                     0x00000327   Thumb Code     0  libinit2.o(.ARM.Collect$$libinit$$00000033)
    __rt_lib_init_signal_1                   0x00000327   Thumb Code     0  libinit2.o(.ARM.Collect$$libinit$$0000001D)
    __rt_lib_init_stdio_1                    0x00000327   Thumb Code     0  libinit2.o(.ARM.Collect$$libinit$$00000025)
    __rt_lib_shutdown                        0x00000329   Thumb Code     0  libshutdown.o(.ARM.Collect$$libshutdown$$00000000)
    __rt_lib_shutdown_cpp_1                  0x0000032b   Thumb Code     0  libshutdown2.o(.ARM.Collect$$libshutdown$$00000004)
    __rt_lib_shutdown_fini_1                 0x0000032b   Thumb Code     0  libshutdown2.o(.ARM.Collect$$libshutdown$$00000002)
    __rt_lib_shutdown_fp_trap_1              0x0000032b   Thumb Code     0  libshutdown2.o(.ARM.Collect$$libshutdown$$00000009)
    __rt_lib_shutdown_heap_1                 0x0000032b   Thumb Code     0  libshutdown2.o(.ARM.Collect$$libshutdown$$00000011)
    __rt_lib_shutdown_return                 0x0000032b   Thumb Code     0  libshutdown2.o(.ARM.Collect$$libshutdown$$00000012)
    __rt_lib_shutdown_signal_1               0x0000032b   Thumb Code     0  libshutdown2.o(.ARM.Collect$$libshutdown$$0000000C)
    __rt_lib_shutdown_stdio_1                0x0000032b   Thumb Code     0  libshutdown2.o(.ARM.Collect$$libshutdown$$00000006)
    __rt_lib_shutdown_user_alloc_1           0x0000032b   Thumb Code     0  libshutdown2.o(.ARM.Collect$$libshutdown$$0000000E)
    __rt_entry                               0x0000032d   Thumb Code     0  __rtentry.o(.ARM.Collect$$rtentry$$00000000)
    __rt_entry_presh_1                       0x0000032d   Thumb Code     0  __rtentry2.o(.ARM.Collect$$rtentry$$00000002)
    __rt_entry_sh                            0x0000032d   Thumb Code     0  __rtentry4.o(.ARM.Collect$$rtentry$$00000004)
    __rt_entry_li                            0x00000333   Thumb Code     0  __rtentry2.o(.ARM.Collect$$rtentry$$0000000A)
    __rt_entry_postsh_1                      0x00000333   Thumb Code     0  __rtentry2.o(.ARM.Collect$$rtentry$$00000009)
    __rt_entry_main                          0x00000337   Thumb Code     0  __rtentry2.o(.ARM.Collect$$rtentry$$0000000D)
    __rt_entry_postli_1                      0x00000337   Thumb Code     0  __rtentry2.o(.ARM.Collect$$rtentry$$0000000C)
    __rt_exit                                0x0000033f   Thumb Code     0  rtexit.o(.ARM.Collect$$rtexit$$00000000)
    __rt_exit_ls                             0x00000341   Thumb Code     0  rtexit2.o(.ARM.Collect$$rtexit$$00000003)
    __rt_exit_prels_1                        0x00000341   Thumb Code     0  rtexit2.o(.ARM.Collect$$rtexit$$00000002)
    __rt_exit_exit                           0x00000345   Thumb Code     0  rtexit2.o(.ARM.Collect$$rtexit$$00000004)
    parrotdelay                              0x0000034d   Thumb Code     6  bsp.o(.emb_text)
    rand                                     0x00000355   Thumb Code    48  rand.o(.emb_text)
    SysTick_Handler                          0x00000389   Thumb Code     0  osasm.o(.text)
    StartOS                                  0x000003b1   Thumb Code     0  osasm.o(.text)
    Reset_Handler                            0x000003d5   Thumb Code     4  startup_tm4c123.o(.text)
    NMI_Handler                              0x000003d9   Thumb Code     2  startup_tm4c123.o(.text)
    HardFault_Handler                        0x000003db   Thumb Code     2  startup_tm4c123.o(.text)
    MemManage_Handler                        0x000003dd   Thumb Code     2  startup_tm4c123.o(.text)
    BusFault_Handler                         0x000003df   Thumb Code     2  startup_tm4c123.o(.text)
    UsageFault_Handler                       0x000003e1   Thumb Code     2  startup_tm4c123.o(.text)
    SVC_Handler                              0x000003e3   Thumb Code     2  startup_tm4c123.o(.text)
    DebugMon_Handler                         0x000003e5   Thumb Code     2  startup_tm4c123.o(.text)
    PendSV_Handler                           0x000003e7   Thumb Code     2  startup_tm4c123.o(.text)
    GPIOPortA_Handler                        0x000003eb   Thumb Code     2  startup_tm4c123.o(.text)
    GPIOPortB_Handler                        0x000003ed   Thumb Code     2  startup_tm4c123.o(.text)
    GPIOPortC_Handler                        0x000003ef   Thumb Code     2  startup_tm4c123.o(.text)
    GPIOPortD_Handler                        0x000003f1   Thumb Code     2  startup_tm4c123.o(.text)
    GPIOPortE_Handler                        0x000003f3   Thumb Code     2  startup_tm4c123.o(.text)
    UART0_Handler                            0x000003f5   Thumb Code     2  startup_tm4c123.o(.text)
    UART1_Handler                            0x000003f7   Thumb Code     2  startup_tm4c123.o(.text)
    SSI0_Handler                             0x000003f9   Thumb Code     2  startup_tm4c123.o(.text)
    I2C0_Handler                             0x000003fb   Thumb Code     2  startup_tm4c123.o(.text)
    PMW0_FAULT_Handler                       0x000003fd   Thumb Code     2  startup_tm4c123.o(.text)
    PWM0Generator0_Handler                   0x000003ff   Thumb Code     2  startup_tm4c123.o(.text)
    PWM0Generator1_Handler                   0x00000401   Thumb Code     2  startup_tm4c123.o(.text)
    PWM0Generator2_Handler                   0x00000403   Thumb Code     2  startup_tm4c123.o(.text)
    Quadrature0_Handler                      0x00000405   Thumb Code     2  startup_tm4c123.o(.text)
    ADC0Seq0_Handler                         0x00000407   Thumb Code     2  startup_tm4c123.o(.text)
    ADC0Seq1_Handler                         0x00000409   Thumb Code     2  startup_tm4c123.o(.text)
    ADC0Seq2_Handler                         0x0000040b   Thumb Code     2  startup_tm4c123.o(.text)
    ADC0Seq3_Handler                         0x0000040d   Thumb Code     2  startup_tm4c123.o(.text)
    WDT_Handler                              0x0000040f   Thumb Code     2  startup_tm4c123.o(.text)
    TIMER0A_Handler                          0x00000411   Thumb Code     2  startup_tm4c123.o(.text)
    TIMER0B_Handler                          0x00000413   Thumb Code     2  startup_tm4c123.o(.text)
    TIMER1A_Handler                          0x00000415   Thumb Code     2  startup_tm4c123.o(.text)
    TIMER1B_Handler                          0x00000417   Thumb Code     2  startup_tm4c123.o(.text)
    TIMER2A_Handler                          0x00000419   Thumb Code     2  startup_tm4c123.o(.text)
    TIMER2B_Handler                          0x0000041b   Thumb Code     2  startup_tm4c123.o(.text)
    COMP0_Handler                            0x0000041d   Thumb Code     2  startup_tm4c123.o(.text)
    COMP1_Handler                            0x0000041f   Thumb Code     2  startup_tm4c123.o(.text)
    COMP2_Handler                            0x00000421   Thumb Code     2  startup_tm4c123.o(.text)
    SYSCTL_Handler                           0x00000423   Thumb Code     2  startup_tm4c123.o(.text)
    FlashCtl_Handler                         0x00000425   Thumb Code     2  startup_tm4c123.o(.text)
    GPIOPortF_Handler                        0x00000427   Thumb Code     2  startup_tm4c123.o(.text)
    GPIOPortG_Handler                        0x00000429   Thumb Code     2  startup_tm4c123.o(.text)
    GPIOPortH_Handler                        0x0000042b   Thumb Code     2  startup_tm4c123.o(.text)
    UART2_Handler                            0x0000042d   Thumb Code     2  startup_tm4c123.o(.text)
    SSI1_Handler                             0x0000042f   Thumb Code     2  startup_tm4c123.o(.text)
    TIMER3A_Handler                          0x00000431   Thumb Code     2  startup_tm4c123.o(.text)
    TIMER3B_Handler                          0x00000433   Thumb Code     2  startup_tm4c123.o(.text)
    I2C1_Handler                             0x00000435   Thumb Code     2  startup_tm4c123.o(.text)
    Quadrature1_Handler                      0x00000437   Thumb Code     2  startup_tm4c123.o(.text)
    CAN0_Handler                             0x00000439   Thumb Code     2  startup_tm4c123.o(.text)
    CAN1_Handler                             0x0000043b   Thumb Code     2  startup_tm4c123.o(.text)
    CAN2_Handler                             0x0000043d   Thumb Code     2  startup_tm4c123.o(.text)
    Hibernate_Handler                        0x0000043f   Thumb Code     2  startup_tm4c123.o(.text)
    USB0_Handler                             0x00000441   Thumb Code     2  startup_tm4c123.o(.text)
    PWM0Generator3_Handler                   0x00000443   Thumb Code     2  startup_tm4c123.o(.text)
    UDMA_Handler                             0x00000445   Thumb Code     2  startup_tm4c123.o(.text)
    UDMAERR_Handler                          0x00000447   Thumb Code     2  startup_tm4c123.o(.text)
    ADC1Seq0_Handler                         0x00000449   Thumb Code     2  startup_tm4c123.o(.text)
    ADC1Seq1_Handler                         0x0000044b   Thumb Code     2  startup_tm4c123.o(.text)
    ADC1Seq2_Handler                         0x0000044d   Thumb Code     2  startup_tm4c123.o(.text)
    ADC1Seq3_Handler                         0x0000044f   Thumb Code     2  startup_tm4c123.o(.text)
    GPIOPortJ_Handler                        0x00000451   Thumb Code     2  startup_tm4c123.o(.text)
    GPIOPortK_Handler                        0x00000453   Thumb Code     2  startup_tm4c123.o(.text)
    GPIOPortL_Handler                        0x00000455   Thumb Code     2  startup_tm4c123.o(.text)
    SSI2_Handler                             0x00000457   Thumb Code     2  startup_tm4c123.o(.text)
    SSI3_Handler                             0x00000459   Thumb Code     2  startup_tm4c123.o(.text)
    UART3_Handler                            0x0000045b   Thumb Code     2  startup_tm4c123.o(.text)
    UART4_Handler                            0x0000045d   Thumb Code     2  startup_tm4c123.o(.text)
    UART5_Handler                            0x0000045f   Thumb Code     2  startup_tm4c123.o(.text)
    UART6_Handler                            0x00000461   Thumb Code     2  startup_tm4c123.o(.text)
    UART7_Handler                            0x00000463   Thumb Code     2  startup_tm4c123.o(.text)
    I2C2_Handler                             0x00000465   Thumb Code     2  startup_tm4c123.o(.text)
    I2C3_Handler                             0x00000467   Thumb Code     2  startup_tm4c123.o(.text)
    TIMER4A_Handler                          0x00000469   Thumb Code     2  startup_tm4c123.o(.text)
    TIMER4B_Handler                          0x0000046b   Thumb Code     2  startup_tm4c123.o(.text)
    TIMER5A_Handler                          0x0000046d   Thumb Code     2  startup_tm4c123.o(.text)
    TIMER5B_Handler                          0x0000046f   Thumb Code     2  startup_tm4c123.o(.text)
    WideTimer0A_Handler                      0x00000471   Thumb Code     2  startup_tm4c123.o(.text)
    WideTimer0B_Handler                      0x00000473   Thumb Code     2  startup_tm4c123.o(.text)
    WideTimer1A_Handler                      0x00000475   Thumb Code     2  startup_tm4c123.o(.text)
    WideTimer1B_Handler                      0x00000477   Thumb Code     2  startup_tm4c123.o(.text)
    WideTimer2A_Handler                      0x00000479   Thumb Code     2  startup_tm4c123.o(.text)
    WideTimer2B_Handler                      0x0000047b   Thumb Code     2  startup_tm4c123.o(.text)
    WideTimer3B_Handler                      0x0000047f   Thumb Code     2  startup_tm4c123.o(.text)
    WideTimer4B_Handler                      0x00000483   Thumb Code     2  startup_tm4c123.o(.text)
    WideTimer5B_Handler                      0x00000487   Thumb Code     2  startup_tm4c123.o(.text)
    FPU_Handler                              0x00000489   Thumb Code     2  startup_tm4c123.o(.text)
    I2C4_Handler                             0x0000048b   Thumb Code     2  startup_tm4c123.o(.text)
    I2C5_Handler                             0x0000048d   Thumb Code     2  startup_tm4c123.o(.text)
    GPIOPortM_Handler                        0x0000048f   Thumb Code     2  startup_tm4c123.o(.text)
    GPIOPortN_Handler                        0x00000491   Thumb Code     2  startup_tm4c123.o(.text)
    QEI2_Handler                             0x00000493   Thumb Code     2  startup_tm4c123.o(.text)
    GPIOPortP0_Handler                       0x00000495   Thumb Code     2  startup_tm4c123.o(.text)
    GPIOPortP1_Handler                       0x00000497   Thumb Code     2  startup_tm4c123.o(.text)
    GPIOPortP2_Handler                       0x00000499   Thumb Code     2  startup_tm4c123.o(.text)
    GPIOPortP3_Handler                       0x0000049b   Thumb Code     2  startup_tm4c123.o(.text)
    GPIOPortP4_Handler                       0x0000049d   Thumb Code     2  startup_tm4c123.o(.text)
    GPIOPortP5_Handler                       0x0000049f   Thumb Code     2  startup_tm4c123.o(.text)
    GPIOPortP6_Handler                       0x000004a1   Thumb Code     2  startup_tm4c123.o(.text)
    GPIOPortP7_Handler                       0x000004a3   Thumb Code     2  startup_tm4c123.o(.text)
    GPIOPortQ0_Handler                       0x000004a5   Thumb Code     2  startup_tm4c123.o(.text)
    GPIOPortQ1_Handler                       0x000004a7   Thumb Code     2  startup_tm4c123.o(.text)
    GPIOPortQ2_Handler                       0x000004a9   Thumb Code     2  startup_tm4c123.o(.text)
    GPIOPortQ3_Handler                       0x000004ab   Thumb Code     2  startup_tm4c123.o(.text)
    GPIOPortQ4_Handler                       0x000004ad   Thumb Code     2  startup_tm4c123.o(.text)
    GPIOPortQ5_Handler                       0x000004af   Thumb Code     2  startup_tm4c123.o(.text)
    GPIOPortQ6_Handler                       0x000004b1   Thumb Code     2  startup_tm4c123.o(.text)
    GPIOPortQ7_Handler                       0x000004b3   Thumb Code     2  startup_tm4c123.o(.text)
    GPIOPortR_Handler                        0x000004b5   Thumb Code     2  startup_tm4c123.o(.text)
    GPIOPortS_Handler                        0x000004b7   Thumb Code     2  startup_tm4c123.o(.text)
    PWM1Generator0_Handler                   0x000004b9   Thumb Code     2  startup_tm4c123.o(.text)
    PWM1Generator1_Handler                   0x000004bb   Thumb Code     2  startup_tm4c123.o(.text)
    PWM1Generator2_Handler                   0x000004bd   Thumb Code     2  startup_tm4c123.o(.text)
    PWM1Generator3_Handler                   0x000004bf   Thumb Code     2  startup_tm4c123.o(.text)
    PWM1Fault_Handler                        0x000004c1   Thumb Code     2  startup_tm4c123.o(.text)
    DisableInterrupts                        0x000004c9   Thumb Code     0  startup_tm4c123.o(.text)
    EnableInterrupts                         0x000004cd   Thumb Code     0  startup_tm4c123.o(.text)
    StartCritical                            0x000004d1   Thumb Code     0  startup_tm4c123.o(.text)
    EndCritical                              0x000004d9   Thumb Code     0  startup_tm4c123.o(.text)
    WaitForInterrupt                         0x000004df   Thumb Code     0  startup_tm4c123.o(.text)
    __user_initial_stackheap                 0x000004e3   Thumb Code     0  startup_tm4c123.o(.text)
    srand                                    0x000004f9   Thumb Code    42  rand.o(.text)
    _rand_init                               0x00000523   Thumb Code     4  rand.o(.text)
    __aeabi_memcpy4                          0x00000535   Thumb Code     0  rt_memcpy_w.o(.text)
    __aeabi_memcpy8                          0x00000535   Thumb Code     0  rt_memcpy_w.o(.text)
    __rt_memcpy_w                            0x00000535   Thumb Code   100  rt_memcpy_w.o(.text)
    _memcpy_lastbytes_aligned                0x0000057d   Thumb Code     0  rt_memcpy_w.o(.text)
    __aeabi_memclr4                          0x00000599   Thumb Code     0  rt_memclr_w.o(.text)
    __aeabi_memclr8                          0x00000599   Thumb Code     0  rt_memclr_w.o(.text)
    __rt_memclr_w                            0x00000599   Thumb Code    78  rt_memclr_w.o(.text)
    _memset_w                                0x0000059d   Thumb Code     0  rt_memclr_w.o(.text)
    __use_two_region_memory                  0x000005e7   Thumb Code     2  heapauxi.o(.text)
    __rt_heap_escrow$2region                 0x000005e9   Thumb Code     2  heapauxi.o(.text)
    __rt_heap_expand$2region                 0x000005eb   Thumb Code     2  heapauxi.o(.text)
    __user_setup_stackheap                   0x000005ed   Thumb Code    74  sys_stackheap_outer.o(.text)
    exit                                     0x00000637   Thumb Code    18  exit.o(.text)
    __user_libspace                          0x00000649   Thumb Code     8  libspace.o(.text)
    __user_perproc_libspace                  0x00000649   Thumb Code     0  libspace.o(.text)
    __user_perthread_libspace                0x00000649   Thumb Code     0  libspace.o(.text)
    __I$use$semihosting                      0x00000651   Thumb Code     0  use_no_semi.o(.text)
    __use_no_semihosting_swi                 0x00000651   Thumb Code     2  use_no_semi.o(.text)
    __semihosting_library_function           0x00000653   Thumb Code     0  indicate_semi.o(.text)
    _sys_exit                                0x00000655   Thumb Code     8  sys_exit.o(.text)
    BSP_Button1_Init                         0x00000661   Thumb Code   112  bsp.o(i.BSP_Button1_Init)
    BSP_Button1_Input                        0x000006e1   Thumb Code     8  bsp.o(i.BSP_Button1_Input)
    BSP_Button2_Init                         0x000006ed   Thumb Code   124  bsp.o(i.BSP_Button2_Init)
    BSP_Button2_Input                        0x0000077d   Thumb Code     8  bsp.o(i.BSP_Button2_Input)
    BSP_Buzzer_Init                          0x00000789   Thumb Code   184  bsp.o(i.BSP_Buzzer_Init)
    BSP_Buzzer_Pitch                         0x0000085d   Thumb Code    56  bsp.o(i.BSP_Buzzer_Pitch)
    BSP_Buzzer_Set                           0x000008a1   Thumb Code    24  bsp.o(i.BSP_Buzzer_Set)
    BSP_Clock_GetFreq                        0x000008c1   Thumb Code     6  bsp.o(i.BSP_Clock_GetFreq)
    BSP_Clock_InitFastest                    0x000008cd   Thumb Code   110  bsp.o(i.BSP_Clock_InitFastest)
    BSP_Delay1ms                             0x00000949   Thumb Code    22  bsp.o(i.BSP_Delay1ms)
    BSP_Joystick_Init                        0x00000961   Thumb Code   268  bsp.o(i.BSP_Joystick_Init)
    BSP_Joystick_Input                       0x00000a91   Thumb Code    56  bsp.o(i.BSP_Joystick_Input)
    BSP_LCD_Color565                         0x00000ad1   Thumb Code    24  bsp.o(i.BSP_LCD_Color565)
    BSP_LCD_DrawChar                         0x00000ae9   Thumb Code   260  bsp.o(i.BSP_LCD_DrawChar)
    BSP_LCD_DrawPixel                        0x00000bf9   Thumb Code    64  bsp.o(i.BSP_LCD_DrawPixel)
    BSP_LCD_DrawString                       0x00000c41   Thumb Code    88  bsp.o(i.BSP_LCD_DrawString)
    BSP_LCD_FillRect                         0x00000c99   Thumb Code   164  bsp.o(i.BSP_LCD_FillRect)
    BSP_LCD_FillScreen                       0x00000d45   Thumb Code    28  bsp.o(i.BSP_LCD_FillScreen)
    BSP_LCD_Init                             0x00000d69   Thumb Code    10  bsp.o(i.BSP_LCD_Init)
    BSP_LCD_OutUDec                          0x00000d75   Thumb Code   122  bsp.o(i.BSP_LCD_OutUDec)
    BSP_LCD_SetCursor                        0x00000e09   Thumb Code    22  bsp.o(i.BSP_LCD_SetCursor)
    BSP_PeriodicTask_Init                    0x00000e29   Thumb Code   152  bsp.o(i.BSP_PeriodicTask_Init)
    BSP_PeriodicTask_InitC                   0x00000ed9   Thumb Code   150  bsp.o(i.BSP_PeriodicTask_InitC)
    BSP_RGB_D_Init                           0x00000f89   Thumb Code   310  bsp.o(i.BSP_RGB_D_Init)
    BSP_RGB_D_Set                            0x000010e1   Thumb Code    52  bsp.o(i.BSP_RGB_D_Set)
    Flash_Erase                              0x000012d5   Thumb Code    84  flashprogram.o(i.Flash_Erase)
    Flash_Write                              0x00001339   Thumb Code    88  flashprogram.o(i.Flash_Write)
    LoadSettingsFromFlash                    0x000013a1   Thumb Code   112  settings.o(i.LoadSettingsFromFlash)
    OS_AddThreads                            0x00001411   Thumb Code   196  os.o(i.OS_AddThreads)
    OS_Init                                  0x000014e1   Thumb Code    82  os.o(i.OS_Init)
    OS_InitSemaphore                         0x00001541   Thumb Code     4  os.o(i.OS_InitSemaphore)
    OS_Launch                                0x00001545   Thumb Code    48  os.o(i.OS_Launch)
    OS_PeriodTrigger0_Init                   0x00001579   Thumb Code    28  os.o(i.OS_PeriodTrigger0_Init)
    OS_PeriodTrigger1_Init                   0x000015a1   Thumb Code    28  os.o(i.OS_PeriodTrigger1_Init)
    OS_Signal                                0x000015c9   Thumb Code    46  os.o(i.OS_Signal)
    OS_Suspend                               0x000015fd   Thumb Code    18  os.o(i.OS_Suspend)
    OS_Wait                                  0x00001615   Thumb Code    40  os.o(i.OS_Wait)
    Profile_Init                             0x00001641   Thumb Code   388  profile.o(i.Profile_Init)
    RealTimeEvents                           0x000017f1   Thumb Code    86  os.o(i.RealTimeEvents)
    SaveSettingsToFlash                      0x000018d1   Thumb Code    62  settings.o(i.SaveSettingsToFlash)
    Scheduler                                0x00001915   Thumb Code    42  os.o(i.Scheduler)
    SetInitialStack                          0x00001945   Thumb Code   328  os.o(i.SetInitialStack)
    Task1                                    0x00001a95   Thumb Code   466  digital_music_box.o(i.Task1)
    Task1_Init                               0x00001cbd   Thumb Code    34  digital_music_box.o(i.Task1_Init)
    Task2                                    0x00001cf1   Thumb Code    14  digital_music_box.o(i.Task2)
    Task2_Init                               0x00001d0d   Thumb Code     8  digital_music_box.o(i.Task2_Init)
    Task3                                    0x00001d15   Thumb Code  2926  digital_music_box.o(i.Task3)
    Task3_Init                               0x000028c5   Thumb Code    14  digital_music_box.o(i.Task3_Init)
    Task4                                    0x000028d5   Thumb Code   588  digital_music_box.o(i.Task4)
    Task4_Init                               0x00002b6d   Thumb Code    10  digital_music_box.o(i.Task4_Init)
    Task5                                    0x00002b79   Thumb Code   452  digital_music_box.o(i.Task5)
    WideTimer3A_Handler                      0x00002dc1   Thumb Code    16  bsp.o(i.WideTimer3A_Handler)
    WideTimer4A_Handler                      0x00002dd9   Thumb Code    16  bsp.o(i.WideTimer4A_Handler)
    WideTimer5A_Handler                      0x00002df1   Thumb Code    16  bsp.o(i.WideTimer5A_Handler)
    happyInit                                0x000030f1   Thumb Code   226  digital_music_box.o(i.happyInit)
    homeInit                                 0x000031f9   Thumb Code   228  digital_music_box.o(i.homeInit)
    main                                     0x00003309   Thumb Code   122  digital_music_box.o(i.main)
    oldInit                                  0x000033a1   Thumb Code   228  digital_music_box.o(i.oldInit)
    saintsInit                               0x000034f9   Thumb Code   226  digital_music_box.o(i.saintsInit)
    songListInit                             0x00003679   Thumb Code    24  digital_music_box.o(i.songListInit)
    twinkleInit                              0x00003691   Thumb Code   230  digital_music_box.o(i.twinkleInit)
    Region$$Table$$Base                      0x00004880   Number         0  anon$$obj.o(Region$$Table)
    Region$$Table$$Limit                     0x000048a0   Number         0  anon$$obj.o(Region$$Table)
    menuMove                                 0x20000154   Data           4  digital_music_box.o(.data)
    Play                                     0x20000158   Data           4  digital_music_box.o(.data)
    Beat                                     0x2000015c   Data           4  digital_music_box.o(.data)
    Adjust                                   0x20000160   Data           4  digital_music_box.o(.data)
    notePlace                                0x20000164   Data           4  digital_music_box.o(.data)
    volume                                   0x20000168   Data           4  digital_music_box.o(.data)
    tempo                                    0x2000016c   Data           4  digital_music_box.o(.data)
    msPerMinute                              0x20000170   Data           4  digital_music_box.o(.data)
    beatTime                                 0x20000174   Data           4  digital_music_box.o(.data)
    adjustVolume                             0x20000178   Data           4  digital_music_box.o(.data)
    adjustTempo                              0x2000017c   Data           4  digital_music_box.o(.data)
    adjustVisuals                            0x20000180   Data           4  digital_music_box.o(.data)
    screenType                               0x20000184   Data           4  digital_music_box.o(.data)
    menuChange                               0x20000188   Data           4  digital_music_box.o(.data)
    menu1Pos                                 0x2000018c   Data           4  digital_music_box.o(.data)
    menu2Pos                                 0x20000190   Data           4  digital_music_box.o(.data)
    songChoice                               0x20000194   Data           4  digital_music_box.o(.data)
    loop                                     0x20000198   Data           4  digital_music_box.o(.data)
    wordI                                    0x2000019c   Data           4  digital_music_box.o(.data)
    wordN                                    0x200001a0   Data           4  digital_music_box.o(.data)
    wordChange                               0x200001a4   Data           4  digital_music_box.o(.data)
    curSyl                                   0x200001a8   Data           4  digital_music_box.o(.data)
    letLev                                   0x200001ac   Data           4  digital_music_box.o(.data)
    startStream                              0x200001b0   Data           4  digital_music_box.o(.data)
    continueStream                           0x200001b4   Data           4  digital_music_box.o(.data)
    visualOption                             0x200001b8   Data           4  digital_music_box.o(.data)
    visOptHL                                 0x200001bc   Data           4  digital_music_box.o(.data)
    curWordI                                 0x200001c0   Data           4  digital_music_box.o(.data)
    note                                     0x200001c4   Data           4  digital_music_box.o(.data)
    x                                        0x200001c8   Data           2  digital_music_box.o(.data)
    y                                        0x200001ca   Data           2  digital_music_box.o(.data)
    select                                   0x200001cc   Data           1  digital_music_box.o(.data)
    RunPt                                    0x200001d8   Data           4  os.o(.data)
    PutI                                     0x200001dc   Data           4  os.o(.data)
    GetI                                     0x200001e0   Data           4  os.o(.data)
    CurrentSize                              0x200001e4   Data           4  os.o(.data)
    LostData                                 0x200001e8   Data           4  os.o(.data)
    PeriodicSemaphore0                       0x200001ec   Data           4  os.o(.data)
    Period0                                  0x200001f0   Data           4  os.o(.data)
    PeriodicSemaphore1                       0x200001f4   Data           4  os.o(.data)
    Period1                                  0x200001f8   Data           4  os.o(.data)
    StX                                      0x20000208   Data           4  bsp.o(.data)
    StY                                      0x2000020c   Data           4  bsp.o(.data)
    StTextColor                              0x20000210   Data           2  bsp.o(.data)
    Messageindex                             0x20000218   Data           4  bsp.o(.data)
    TimeIndex                                0x2000021c   Data           4  bsp.o(.data)
    Ymax                                     0x20000220   Data           4  bsp.o(.data)
    Ymin                                     0x20000224   Data           4  bsp.o(.data)
    Yrange                                   0x20000228   Data           4  bsp.o(.data)
    PlotBGColor                              0x2000022c   Data           2  bsp.o(.data)
    PeriodicTask                             0x20000230   Data           4  bsp.o(.data)
    PeriodicTaskB                            0x20000234   Data           4  bsp.o(.data)
    PeriodicTaskC                            0x20000238   Data           4  bsp.o(.data)
    LightBusy                                0x2000023c   Data           4  bsp.o(.data)
    TempBusy                                 0x20000240   Data           4  bsp.o(.data)
    songList                                 0x20000244   Data        4120  digital_music_box.o(.bss)
    Twinkle                                  0x2000125c   Data         824  digital_music_box.o(.bss)
    Happy                                    0x20001594   Data         824  digital_music_box.o(.bss)
    Home                                     0x200018cc   Data         824  digital_music_box.o(.bss)
    Old                                      0x20001c04   Data         824  digital_music_box.o(.bss)
    Saints                                   0x20001f3c   Data         824  digital_music_box.o(.bss)
    curWord                                  0x20002274   Data          10  digital_music_box.o(.bss)
    tcbs                                     0x200022c0   Data         100  os.o(.bss)
    Stacks                                   0x20002324   Data        2000  os.o(.bss)
    Tasks                                    0x20002af4   Data          24  os.o(.bss)
    Fifo                                     0x20002b0c   Data          40  os.o(.bss)
    Message                                  0x20002b34   Data          12  bsp.o(.bss)
    _random_number_data                      0x20002b40   Data         228  rand.o(.bss)
    __libspace_start                         0x20002c24   Data          96  libspace.o(.bss)
    __temporary_stack_top$libspace           0x20002c84   Data           0  libspace.o(.bss)



==============================================================================

Memory Map of the image

  Image Entry point : 0x000003d5

  Load Region LR_1 (Base: 0x00000000, Size: 0x00004ae4, Max: 0xffffffff, ABSOLUTE, COMPRESSED[0x000049b4])

    Execution Region ER_RO (Exec base: 0x00000000, Load base: 0x00000000, Size: 0x000048a0, Max: 0xffffffff, ABSOLUTE)

    Exec Addr    Load Addr    Size         Type   Attr      Idx    E Section Name        Object

    0x00000000   0x00000000   0x0000026c   Data   RO          895    RESET               startup_tm4c123.o
    0x0000026c   0x0000026c   0x00000008   Code   RO          976  * !!!main             c_w.l(__main.o)
    0x00000274   0x00000274   0x00000034   Code   RO         1137    !!!scatter          c_w.l(__scatter.o)
    0x000002a8   0x000002a8   0x0000005a   Code   RO         1135    !!dczerorl2         c_w.l(__dczerorl2.o)
    0x00000302   0x00000302   0x00000002   PAD
    0x00000304   0x00000304   0x0000001c   Code   RO         1139    !!handler_zi        c_w.l(__scatter_zi.o)
    0x00000320   0x00000320   0x00000002   Code   RO         1056    .ARM.Collect$$libinit$$00000000  c_w.l(libinit.o)
    0x00000322   0x00000322   0x00000000   Code   RO          980    .ARM.Collect$$libinit$$00000002  c_w.l(libinit2.o)
    0x00000322   0x00000322   0x00000000   Code   RO          982    .ARM.Collect$$libinit$$00000004  c_w.l(libinit2.o)
    0x00000322   0x00000322   0x00000000   Code   RO          985    .ARM.Collect$$libinit$$0000000A  c_w.l(libinit2.o)
    0x00000322   0x00000322   0x00000000   Code   RO          987    .ARM.Collect$$libinit$$0000000C  c_w.l(libinit2.o)
    0x00000322   0x00000322   0x00000004   Code   RO          988    .ARM.Collect$$libinit$$0000000D  c_w.l(libinit2.o)
    0x00000326   0x00000326   0x00000000   Code   RO          989    .ARM.Collect$$libinit$$0000000E  c_w.l(libinit2.o)
    0x00000326   0x00000326   0x00000000   Code   RO          992    .ARM.Collect$$libinit$$00000011  c_w.l(libinit2.o)
    0x00000326   0x00000326   0x00000000   Code   RO          994    .ARM.Collect$$libinit$$00000013  c_w.l(libinit2.o)
    0x00000326   0x00000326   0x00000000   Code   RO          996    .ARM.Collect$$libinit$$00000015  c_w.l(libinit2.o)
    0x00000326   0x00000326   0x00000000   Code   RO          998    .ARM.Collect$$libinit$$00000017  c_w.l(libinit2.o)
    0x00000326   0x00000326   0x00000000   Code   RO         1000    .ARM.Collect$$libinit$$00000019  c_w.l(libinit2.o)
    0x00000326   0x00000326   0x00000000   Code   RO         1002    .ARM.Collect$$libinit$$0000001B  c_w.l(libinit2.o)
    0x00000326   0x00000326   0x00000000   Code   RO         1004    .ARM.Collect$$libinit$$0000001D  c_w.l(libinit2.o)
    0x00000326   0x00000326   0x00000000   Code   RO         1006    .ARM.Collect$$libinit$$0000001F  c_w.l(libinit2.o)
    0x00000326   0x00000326   0x00000000   Code   RO         1008    .ARM.Collect$$libinit$$00000021  c_w.l(libinit2.o)
    0x00000326   0x00000326   0x00000000   Code   RO         1010    .ARM.Collect$$libinit$$00000023  c_w.l(libinit2.o)
    0x00000326   0x00000326   0x00000000   Code   RO         1012    .ARM.Collect$$libinit$$00000025  c_w.l(libinit2.o)
    0x00000326   0x00000326   0x00000000   Code   RO         1016    .ARM.Collect$$libinit$$0000002C  c_w.l(libinit2.o)
    0x00000326   0x00000326   0x00000000   Code   RO         1018    .ARM.Collect$$libinit$$0000002E  c_w.l(libinit2.o)
    0x00000326   0x00000326   0x00000000   Code   RO         1020    .ARM.Collect$$libinit$$00000030  c_w.l(libinit2.o)
    0x00000326   0x00000326   0x00000000   Code   RO         1022    .ARM.Collect$$libinit$$00000032  c_w.l(libinit2.o)
    0x00000326   0x00000326   0x00000002   Code   RO         1023    .ARM.Collect$$libinit$$00000033  c_w.l(libinit2.o)
    0x00000328   0x00000328   0x00000002   Code   RO         1094    .ARM.Collect$$libshutdown$$00000000  c_w.l(libshutdown.o)
    0x0000032a   0x0000032a   0x00000000   Code   RO         1100    .ARM.Collect$$libshutdown$$00000002  c_w.l(libshutdown2.o)
    0x0000032a   0x0000032a   0x00000000   Code   RO         1102    .ARM.Collect$$libshutdown$$00000004  c_w.l(libshutdown2.o)
    0x0000032a   0x0000032a   0x00000000   Code   RO         1104    .ARM.Collect$$libshutdown$$00000006  c_w.l(libshutdown2.o)
    0x0000032a   0x0000032a   0x00000000   Code   RO         1107    .ARM.Collect$$libshutdown$$00000009  c_w.l(libshutdown2.o)
    0x0000032a   0x0000032a   0x00000000   Code   RO         1110    .ARM.Collect$$libshutdown$$0000000C  c_w.l(libshutdown2.o)
    0x0000032a   0x0000032a   0x00000000   Code   RO         1112    .ARM.Collect$$libshutdown$$0000000E  c_w.l(libshutdown2.o)
    0x0000032a   0x0000032a   0x00000000   Code   RO         1115    .ARM.Collect$$libshutdown$$00000011  c_w.l(libshutdown2.o)
    0x0000032a   0x0000032a   0x00000002   Code   RO         1116    .ARM.Collect$$libshutdown$$00000012  c_w.l(libshutdown2.o)
    0x0000032c   0x0000032c   0x00000000   Code   RO          978    .ARM.Collect$$rtentry$$00000000  c_w.l(__rtentry.o)
    0x0000032c   0x0000032c   0x00000000   Code   RO         1025    .ARM.Collect$$rtentry$$00000002  c_w.l(__rtentry2.o)
    0x0000032c   0x0000032c   0x00000006   Code   RO         1037    .ARM.Collect$$rtentry$$00000004  c_w.l(__rtentry4.o)
    0x00000332   0x00000332   0x00000000   Code   RO         1027    .ARM.Collect$$rtentry$$00000009  c_w.l(__rtentry2.o)
    0x00000332   0x00000332   0x00000004   Code   RO         1028    .ARM.Collect$$rtentry$$0000000A  c_w.l(__rtentry2.o)
    0x00000336   0x00000336   0x00000000   Code   RO         1030    .ARM.Collect$$rtentry$$0000000C  c_w.l(__rtentry2.o)
    0x00000336   0x00000336   0x00000008   Code   RO         1031    .ARM.Collect$$rtentry$$0000000D  c_w.l(__rtentry2.o)
    0x0000033e   0x0000033e   0x00000002   Code   RO         1062    .ARM.Collect$$rtexit$$00000000  c_w.l(rtexit.o)
    0x00000340   0x00000340   0x00000000   Code   RO         1074    .ARM.Collect$$rtexit$$00000002  c_w.l(rtexit2.o)
    0x00000340   0x00000340   0x00000004   Code   RO         1075    .ARM.Collect$$rtexit$$00000003  c_w.l(rtexit2.o)
    0x00000344   0x00000344   0x00000006   Code   RO         1076    .ARM.Collect$$rtexit$$00000004  c_w.l(rtexit2.o)
    0x0000034a   0x0000034a   0x00000002   PAD
    0x0000034c   0x0000034c   0x00000006   Code   RO          296    .emb_text           bsp.o
    0x00000352   0x00000352   0x00000002   PAD
    0x00000354   0x00000354   0x00000034   Code   RO          965    .emb_text           c_w.l(rand.o)
    0x00000388   0x00000388   0x0000004c   Code   RO          172    .text               osasm.o
    0x000003d4   0x000003d4   0x00000124   Code   RO          896  * .text               startup_tm4c123.o
    0x000004f8   0x000004f8   0x0000003c   Code   RO          966    .text               c_w.l(rand.o)
    0x00000534   0x00000534   0x00000064   Code   RO          970    .text               c_w.l(rt_memcpy_w.o)
    0x00000598   0x00000598   0x0000004e   Code   RO          972    .text               c_w.l(rt_memclr_w.o)
    0x000005e6   0x000005e6   0x00000006   Code   RO          974    .text               c_w.l(heapauxi.o)
    0x000005ec   0x000005ec   0x0000004a   Code   RO         1043    .text               c_w.l(sys_stackheap_outer.o)
    0x00000636   0x00000636   0x00000012   Code   RO         1045    .text               c_w.l(exit.o)
    0x00000648   0x00000648   0x00000008   Code   RO         1059    .text               c_w.l(libspace.o)
    0x00000650   0x00000650   0x00000002   Code   RO         1070    .text               c_w.l(use_no_semi.o)
    0x00000652   0x00000652   0x00000000   Code   RO         1072    .text               c_w.l(indicate_semi.o)
    0x00000652   0x00000652   0x00000002   PAD
    0x00000654   0x00000654   0x0000000c   Code   RO         1086    .text               c_w.l(sys_exit.o)
    0x00000660   0x00000660   0x00000080   Code   RO          299    i.BSP_Button1_Init  bsp.o
    0x000006e0   0x000006e0   0x0000000c   Code   RO          300    i.BSP_Button1_Input  bsp.o
    0x000006ec   0x000006ec   0x00000090   Code   RO          301    i.BSP_Button2_Init  bsp.o
    0x0000077c   0x0000077c   0x0000000c   Code   RO          302    i.BSP_Button2_Input  bsp.o
    0x00000788   0x00000788   0x000000d4   Code   RO          304    i.BSP_Buzzer_Init   bsp.o
    0x0000085c   0x0000085c   0x00000044   Code   RO          305    i.BSP_Buzzer_Pitch  bsp.o
    0x000008a0   0x000008a0   0x00000020   Code   RO          306    i.BSP_Buzzer_Set    bsp.o
    0x000008c0   0x000008c0   0x0000000c   Code   RO          307    i.BSP_Clock_GetFreq  bsp.o
    0x000008cc   0x000008cc   0x0000007c   Code   RO          308    i.BSP_Clock_InitFastest  bsp.o
    0x00000948   0x00000948   0x00000016   Code   RO          309    i.BSP_Delay1ms      bsp.o
    0x0000095e   0x0000095e   0x00000002   PAD
    0x00000960   0x00000960   0x00000130   Code   RO          310    i.BSP_Joystick_Init  bsp.o
    0x00000a90   0x00000a90   0x00000040   Code   RO          311    i.BSP_Joystick_Input  bsp.o
    0x00000ad0   0x00000ad0   0x00000018   Code   RO          312    i.BSP_LCD_Color565  bsp.o
    0x00000ae8   0x00000ae8   0x00000110   Code   RO          314    i.BSP_LCD_DrawChar  bsp.o
    0x00000bf8   0x00000bf8   0x00000048   Code   RO          318    i.BSP_LCD_DrawPixel  bsp.o
    0x00000c40   0x00000c40   0x00000058   Code   RO          319    i.BSP_LCD_DrawString  bsp.o
    0x00000c98   0x00000c98   0x000000ac   Code   RO          321    i.BSP_LCD_FillRect  bsp.o
    0x00000d44   0x00000d44   0x00000024   Code   RO          322    i.BSP_LCD_FillScreen  bsp.o
    0x00000d68   0x00000d68   0x0000000a   Code   RO          323    i.BSP_LCD_Init      bsp.o
    0x00000d72   0x00000d72   0x00000002   PAD
    0x00000d74   0x00000d74   0x00000094   Code   RO          324    i.BSP_LCD_OutUDec   bsp.o
    0x00000e08   0x00000e08   0x00000020   Code   RO          331    i.BSP_LCD_SetCursor  bsp.o
    0x00000e28   0x00000e28   0x000000b0   Code   RO          339    i.BSP_PeriodicTask_Init  bsp.o
    0x00000ed8   0x00000ed8   0x000000b0   Code   RO          341    i.BSP_PeriodicTask_InitC  bsp.o
    0x00000f88   0x00000f88   0x00000158   Code   RO          346    i.BSP_RGB_D_Init    bsp.o
    0x000010e0   0x000010e0   0x00000040   Code   RO          347    i.BSP_RGB_D_Set     bsp.o
    0x00001120   0x00001120   0x000000c4   Code   RO            1    i.DrawDots          digital_music_box.o
    0x000011e4   0x000011e4   0x00000024   Code   RO            2    i.DrawFade          digital_music_box.o
    0x00001208   0x00001208   0x000000b4   Code   RO            3    i.DrawRain          digital_music_box.o
    0x000012bc   0x000012bc   0x00000016   Code   RO          818    i.EraseAddrValid    flashprogram.o
    0x000012d2   0x000012d2   0x00000002   PAD
    0x000012d4   0x000012d4   0x00000064   Code   RO          819    i.Flash_Erase       flashprogram.o
    0x00001338   0x00001338   0x00000068   Code   RO          822    i.Flash_Write       flashprogram.o
    0x000013a0   0x000013a0   0x00000070   Code   RO          872    i.LoadSettingsFromFlash  settings.o
    0x00001410   0x00001410   0x000000d0   Code   RO          177    i.OS_AddThreads     os.o
    0x000014e0   0x000014e0   0x00000060   Code   RO          181    i.OS_Init           os.o
    0x00001540   0x00001540   0x00000004   Code   RO          182    i.OS_InitSemaphore  os.o
    0x00001544   0x00001544   0x00000034   Code   RO          183    i.OS_Launch         os.o
    0x00001578   0x00001578   0x00000028   Code   RO          184    i.OS_PeriodTrigger0_Init  os.o
    0x000015a0   0x000015a0   0x00000028   Code   RO          185    i.OS_PeriodTrigger1_Init  os.o
    0x000015c8   0x000015c8   0x00000034   Code   RO          186    i.OS_Signal         os.o
    0x000015fc   0x000015fc   0x00000018   Code   RO          188    i.OS_Suspend        os.o
    0x00001614   0x00001614   0x0000002c   Code   RO          189    i.OS_Wait           os.o
    0x00001640   0x00001640   0x000001b0   Code   RO          801    i.Profile_Init      profile.o
    0x000017f0   0x000017f0   0x0000006c   Code   RO          190    i.RealTimeEvents    os.o
    0x0000185c   0x0000185c   0x00000074   Code   RO          360    i.ST7735_InitR      bsp.o
    0x000018d0   0x000018d0   0x00000044   Code   RO          873    i.SaveSettingsToFlash  settings.o
    0x00001914   0x00001914   0x00000030   Code   RO          191    i.Scheduler         os.o
    0x00001944   0x00001944   0x00000150   Code   RO          192    i.SetInitialStack   os.o
    0x00001a94   0x00001a94   0x00000228   Code   RO            4    i.Task1             digital_music_box.o
    0x00001cbc   0x00001cbc   0x00000034   Code   RO            5    i.Task1_Init        digital_music_box.o
    0x00001cf0   0x00001cf0   0x0000001c   Code   RO            6    i.Task2             digital_music_box.o
    0x00001d0c   0x00001d0c   0x00000008   Code   RO            7    i.Task2_Init        digital_music_box.o
    0x00001d14   0x00001d14   0x00000bb0   Code   RO            8    i.Task3             digital_music_box.o
    0x000028c4   0x000028c4   0x0000000e   Code   RO            9    i.Task3_Init        digital_music_box.o
    0x000028d2   0x000028d2   0x00000002   PAD
    0x000028d4   0x000028d4   0x00000298   Code   RO           10    i.Task4             digital_music_box.o
    0x00002b6c   0x00002b6c   0x0000000a   Code   RO           11    i.Task4_Init        digital_music_box.o
    0x00002b76   0x00002b76   0x00000002   PAD
    0x00002b78   0x00002b78   0x000001f0   Code   RO           12    i.Task5             digital_music_box.o
    0x00002d68   0x00002d68   0x00000058   Code   RO           14    i.Wheel             digital_music_box.o
    0x00002dc0   0x00002dc0   0x00000018   Code   RO          361    i.WideTimer3A_Handler  bsp.o
    0x00002dd8   0x00002dd8   0x00000018   Code   RO          362    i.WideTimer4A_Handler  bsp.o
    0x00002df0   0x00002df0   0x00000018   Code   RO          363    i.WideTimer5A_Handler  bsp.o
    0x00002e08   0x00002e08   0x00000016   Code   RO          825    i.WriteAddrValid    flashprogram.o
    0x00002e1e   0x00002e1e   0x00000002   PAD
    0x00002e20   0x00002e20   0x00000040   Code   RO          364    i.adcinit           bsp.o
    0x00002e60   0x00002e60   0x00000056   Code   RO          365    i.commandList       bsp.o
    0x00002eb6   0x00002eb6   0x00000002   PAD
    0x00002eb8   0x00002eb8   0x000001f0   Code   RO          366    i.commonInit        bsp.o
    0x000030a8   0x000030a8   0x00000048   Code   RO          367    i.fillmessage       bsp.o
    0x000030f0   0x000030f0   0x00000108   Code   RO           15    i.happyInit         digital_music_box.o
    0x000031f8   0x000031f8   0x00000110   Code   RO           16    i.homeInit          digital_music_box.o
    0x00003308   0x00003308   0x00000098   Code   RO           17    i.main              digital_music_box.o
    0x000033a0   0x000033a0   0x0000010c   Code   RO           18    i.oldInit           digital_music_box.o
    0x000034ac   0x000034ac   0x00000012   Code   RO          375    i.pushColor         bsp.o
    0x000034be   0x000034be   0x00000002   PAD
    0x000034c0   0x000034c0   0x00000038   Code   RO          193    i.runperiodicevents  os.o
    0x000034f8   0x000034f8   0x0000010c   Code   RO           19    i.saintsInit        digital_music_box.o
    0x00003604   0x00003604   0x00000074   Code   RO          376    i.setAddrWindow     bsp.o
    0x00003678   0x00003678   0x00000018   Code   RO           20    i.songListInit      digital_music_box.o
    0x00003690   0x00003690   0x00000114   Code   RO           21    i.twinkleInit       digital_music_box.o
    0x000037a4   0x000037a4   0x00000048   Code   RO          379    i.writecommand      bsp.o
    0x000037ec   0x000037ec   0x00000048   Code   RO          380    i.writedata         bsp.o
    0x00003834   0x00003834   0x00000804   Data   RO           23    .constdata          digital_music_box.o
    0x00004038   0x00004038   0x0000057b   Data   RO          382    .constdata          bsp.o
    0x000045b3   0x000045b3   0x00000001   PAD
    0x000045b4   0x000045b4   0x000002cc   Data   RO           24    .conststring        digital_music_box.o
    0x00004880   0x00004880   0x00000020   Data   RO         1133    Region$$Table       anon$$obj.o


    Execution Region ER_RW (Exec base: 0x20000000, Load base: 0x000048a0, Size: 0x00000244, Max: 0xffffffff, ABSOLUTE, COMPRESSED[0x00000114])

    Exec Addr    Load Addr    Size         Type   Attr      Idx    E Section Name        Object

    0x20000000   COMPRESSED   0x000001d6   Data   RW           25    .data               digital_music_box.o
    0x200001d6   COMPRESSED   0x00000002   PAD
    0x200001d8   COMPRESSED   0x00000028   Data   RW          195    .data               os.o
    0x20000200   COMPRESSED   0x00000044   Data   RW          383    .data               bsp.o


    Execution Region ER_ZI (Exec base: 0x20000244, Load base: 0x000049b4, Size: 0x00002c44, Max: 0xffffffff, ABSOLUTE)

    Exec Addr    Load Addr    Size         Type   Attr      Idx    E Section Name        Object

    0x20000244        -       0x0000207c   Zero   RW           22    .bss                digital_music_box.o
    0x200022c0        -       0x00000874   Zero   RW          194    .bss                os.o
    0x20002b34        -       0x0000000c   Zero   RW          381    .bss                bsp.o
    0x20002b40        -       0x000000e4   Zero   RW          967    .bss                c_w.l(rand.o)
    0x20002c24        -       0x00000060   Zero   RW         1060    .bss                c_w.l(libspace.o)
    0x20002c84   0x000049b4   0x00000004   PAD
    0x20002c88        -       0x00000000   Zero   RW          894    HEAP                startup_tm4c123.o
    0x20002c88        -       0x00000200   Zero   RW          893    STACK               startup_tm4c123.o


==============================================================================

Image component sizes


      Code (inc. data)   RO Data    RW Data    ZI Data      Debug   Object Name

      3938        488       1403         68         12      26538   bsp.o
      6840        806       2768        470       8316      24811   digital_music_box.o
       248         32          0          0          0       2656   flashprogram.o
      1108        112          0         40       2164       8977   os.o
        76          6          0          0          0        348   osasm.o
       432         44          0          0          0        615   profile.o
       180          6          0          0          0       1526   settings.o
       292         18        620          0        512       5748   startup_tm4c123.o

    ----------------------------------------------------------------------
     13132       1512       4824        580      11004      71219   Object Totals
         0          0         32          0          0          0   (incl. Generated)
        18          0          1          2          0          0   (incl. Padding)

    ----------------------------------------------------------------------

      Code (inc. data)   RO Data    RW Data    ZI Data      Debug   Library Member Name

        90          0          0          0          0          0   __dczerorl2.o
         8          0          0          0          0         68   __main.o
         0          0          0          0          0          0   __rtentry.o
        12          0          0          0          0          0   __rtentry2.o
         6          0          0          0          0          0   __rtentry4.o
        52          8          0          0          0          0   __scatter.o
        28          0          0          0          0          0   __scatter_zi.o
        18          0          0          0          0         80   exit.o
         6          0          0          0          0        152   heapauxi.o
         0          0          0          0          0          0   indicate_semi.o
         2          0          0          0          0          0   libinit.o
         6          0          0          0          0          0   libinit2.o
         2          0          0          0          0          0   libshutdown.o
         2          0          0          0          0          0   libshutdown2.o
         8          4          0          0         96         68   libspace.o
       112         18          0          0        228        160   rand.o
        78          0          0          0          0         80   rt_memclr_w.o
       100          0          0          0          0         80   rt_memcpy_w.o
         2          0          0          0          0          0   rtexit.o
        10          0          0          0          0          0   rtexit2.o
        12          4          0          0          0         68   sys_exit.o
        74          0          0          0          0         80   sys_stackheap_outer.o
         2          0          0          0          0         68   use_no_semi.o

    ----------------------------------------------------------------------
       636         34          0          0        328        904   Library Totals
         6          0          0          0          4          0   (incl. Padding)

    ----------------------------------------------------------------------

      Code (inc. data)   RO Data    RW Data    ZI Data      Debug   Library Name

       630         34          0          0        324        904   c_w.l

    ----------------------------------------------------------------------
       636         34          0          0        328        904   Library Totals

    ----------------------------------------------------------------------

==============================================================================


      Code (inc. data)   RO Data    RW Data    ZI Data      Debug   

     13768       1546       4824        580      11332      67907   Grand Totals
     13768       1546       4824        276      11332      67907   ELF Image Totals (compressed)
     13768       1546       4824        276          0          0   ROM Totals

==============================================================================

    Total RO  Size (Code + RO Data)                18592 (  18.16kB)
    Total RW  Size (RW Data + ZI Data)             11912 (  11.63kB)
    Total ROM Size (Code + RO Data + RW Data)      18868 (  18.43kB)

==============================================================================

